Copyright 1986-2020 Xilinx, Inc. All Rights Reserved.
--------------------------------------------------------------------------------------
| Tool Version : Vivado v.2020.1.1 (lin64) Build 2960000 Wed Aug  5 22:57:21 MDT 2020
| Date         : Thu May 28 15:38:25 2026
| Host         : jonathan-nuc10i7fnk running 64-bit KDE neon Unstable Edition
| Command      : report_timing_summary -file timing.rpt -max_paths 3
| Design       : top
| Device       : 7vx485t-ffg1761
| Speed File   : -2  PRODUCTION 1.12 2014-09-11
--------------------------------------------------------------------------------------

Timing Summary Report

------------------------------------------------------------------------------------------------
| Timer Settings
| --------------
------------------------------------------------------------------------------------------------

  Enable Multi Corner Analysis               :  Yes
  Enable Pessimism Removal                   :  Yes
  Pessimism Removal Resolution               :  Nearest Common Node
  Enable Input Delay Default Clock           :  No
  Enable Preset / Clear Arcs                 :  No
  Disable Flight Delays                      :  No
  Ignore I/O Paths                           :  No
  Timing Early Launch at Borrowing Latches   :  No
  Borrow Time for Max Delay Exceptions       :  Yes
  Merge Timing Exceptions                    :  Yes

  Corner  Analyze    Analyze    
  Name    Max Paths  Min Paths  
  ------  ---------  ---------  
  Slow    Yes        Yes        
  Fast    Yes        Yes        



check_timing report

Table of Contents
-----------------
1. checking no_clock (0)
2. checking constant_clock (0)
3. checking pulse_width_clock (0)
4. checking unconstrained_internal_endpoints (0)
5. checking no_input_delay (1)
6. checking no_output_delay (8)
7. checking multiple_clock (0)
8. checking generated_clocks (0)
9. checking loops (0)
10. checking partial_input_delay (0)
11. checking partial_output_delay (0)
12. checking latch_loops (0)

1. checking no_clock (0)
------------------------
 There are 0 register/latch pins with no clock.


2. checking constant_clock (0)
------------------------------
 There are 0 register/latch pins with constant_clock.


3. checking pulse_width_clock (0)
---------------------------------
 There are 0 register/latch pins which need pulse_width check


4. checking unconstrained_internal_endpoints (0)
------------------------------------------------
 There are 0 pins that are not constrained for maximum delay.

 There are 0 pins that are not constrained for maximum delay due to constant clock.


5. checking no_input_delay (1)
------------------------------
 There is 1 input port with no input delay specified. (HIGH)

 There are 0 input ports with no input delay but user has a false path constraint.


6. checking no_output_delay (8)
-------------------------------
 There are 8 ports with no output delay specified. (HIGH)

 There are 0 ports with no output delay but user has a false path constraint

 There are 0 ports with no output delay but with a timing clock defined on it or propagating through it


7. checking multiple_clock (0)
------------------------------
 There are 0 register/latch pins with multiple clocks.


8. checking generated_clocks (0)
--------------------------------
 There are 0 generated clocks that are not connected to a clock source.


9. checking loops (0)
---------------------
 There are 0 combinational loops in the design.


10. checking partial_input_delay (0)
------------------------------------
 There are 0 input ports with partial input delay specified.


11. checking partial_output_delay (0)
-------------------------------------
 There are 0 ports with partial output delay specified.


12. checking latch_loops (0)
----------------------------
 There are 0 combinational latch loops in the design through latch input



------------------------------------------------------------------------------------------------
| Design Timing Summary
| ---------------------
------------------------------------------------------------------------------------------------

    WNS(ns)      TNS(ns)  TNS Failing Endpoints  TNS Total Endpoints      WHS(ns)      THS(ns)  THS Failing Endpoints  THS Total Endpoints     WPWS(ns)     TPWS(ns)  TPWS Failing Endpoints  TPWS Total Endpoints  
    -------      -------  ---------------------  -------------------      -------      -------  ---------------------  -------------------     --------     --------  ----------------------  --------------------  
      3.167        0.000                      0                   40        0.191        0.000                      0                   40        2.100        0.000                       0                    33  


All user specified timing constraints are met.


------------------------------------------------------------------------------------------------
| Clock Summary
| -------------
------------------------------------------------------------------------------------------------

Clock   Waveform(ns)         Period(ns)      Frequency(MHz)
-----   ------------         ----------      --------------
sysclk  {0.000 2.500}        5.000           200.000         


------------------------------------------------------------------------------------------------
| Intra Clock Table
| -----------------
------------------------------------------------------------------------------------------------

Clock             WNS(ns)      TNS(ns)  TNS Failing Endpoints  TNS Total Endpoints      WHS(ns)      THS(ns)  THS Failing Endpoints  THS Total Endpoints     WPWS(ns)     TPWS(ns)  TPWS Failing Endpoints  TPWS Total Endpoints  
-----             -------      -------  ---------------------  -------------------      -------      -------  ---------------------  -------------------     --------     --------  ----------------------  --------------------  
sysclk              3.167        0.000                      0                   40        0.191        0.000                      0                   40        2.100        0.000                       0                    33  


------------------------------------------------------------------------------------------------
| Inter Clock Table
| -----------------
------------------------------------------------------------------------------------------------

From Clock    To Clock          WNS(ns)      TNS(ns)  TNS Failing Endpoints  TNS Total Endpoints      WHS(ns)      THS(ns)  THS Failing Endpoints  THS Total Endpoints  
----------    --------          -------      -------  ---------------------  -------------------      -------      -------  ---------------------  -------------------  


------------------------------------------------------------------------------------------------
| Other Path Groups Table
| -----------------------
------------------------------------------------------------------------------------------------

Path Group    From Clock    To Clock          WNS(ns)      TNS(ns)  TNS Failing Endpoints  TNS Total Endpoints      WHS(ns)      THS(ns)  THS Failing Endpoints  THS Total Endpoints  
----------    ----------    --------          -------      -------  ---------------------  -------------------      -------      -------  ---------------------  -------------------  


------------------------------------------------------------------------------------------------
| Timing Details
| --------------
------------------------------------------------------------------------------------------------


---------------------------------------------------------------------------------------------------
From Clock:  sysclk
  To Clock:  sysclk

Setup :            0  Failing Endpoints,  Worst Slack        3.167ns,  Total Violation        0.000ns
Hold  :            0  Failing Endpoints,  Worst Slack        0.191ns,  Total Violation        0.000ns
PW    :            0  Failing Endpoints,  Worst Slack        2.100ns,  Total Violation        0.000ns
---------------------------------------------------------------------------------------------------


Max Delay Paths
--------------------------------------------------------------------------------------
Slack (MET) :             3.167ns  (required time - arrival time)
  Source:                 prescaler_reg[19]/C
                            (rising edge-triggered cell FDRE clocked by sysclk  {rise@0.000ns fall@2.500ns period=5.000ns})
  Destination:            count_reg[0]/CE
                            (rising edge-triggered cell FDRE clocked by sysclk  {rise@0.000ns fall@2.500ns period=5.000ns})
  Path Group:             sysclk
  Path Type:              Setup (Max at Slow Process Corner)
  Requirement:            5.000ns  (sysclk rise@5.000ns - sysclk rise@0.000ns)
  Data Path Delay:        1.595ns  (logic 0.345ns (21.631%)  route 1.250ns (78.370%))
  Logic Levels:           2  (LUT4=1 LUT6=1)
  Clock Path Skew:        -0.025ns (DCD - SCD + CPR)
    Destination Clock Delay (DCD):    2.149ns = ( 7.149 - 5.000 ) 
    Source Clock Delay      (SCD):    2.419ns
    Clock Pessimism Removal (CPR):    0.245ns
  Clock Uncertainty:      0.035ns  ((TSJ^2 + TIJ^2)^1/2 + DJ) / 2 + PE
    Total System Jitter     (TSJ):    0.071ns
    Total Input Jitter      (TIJ):    0.000ns
    Discrete Jitter          (DJ):    0.000ns
    Phase Error              (PE):    0.000ns

    Location             Delay type                Incr(ns)  Path(ns)    Netlist Resource(s)
  -------------------------------------------------------------------    -------------------
                         (clock sysclk rise edge)     0.000     0.000 r  
    E19                                               0.000     0.000 r  clk_p (IN)
                         net (fo=0)                   0.000     0.000    clk_p
    E19                  IBUFDS (Prop_ibufds_I_O)     0.954     0.954 r  sysclk_ibufds/O
                         net (fo=1, routed)           0.428     1.382    clk_ibuf
    BUFR_X1Y21           BUFR (Prop_bufr_I_O)         0.314     1.696 r  sysclk_bufr/O
                         net (fo=32, routed)          0.723     2.419    clk
    SLICE_X110Y254       FDRE                                         r  prescaler_reg[19]/C
  -------------------------------------------------------------------    -------------------
    SLICE_X110Y254       FDRE (Prop_fdre_C_Q)         0.259     2.678 f  prescaler_reg[19]/Q
                         net (fo=2, routed)           0.438     3.116    prescaler_reg[19]
    SLICE_X111Y255       LUT6 (Prop_lut6_I4_O)        0.043     3.159 r  count[7]_i_4/O
                         net (fo=1, routed)           0.525     3.684    count[7]_i_4_n_0
    SLICE_X111Y252       LUT4 (Prop_lut4_I1_O)        0.043     3.727 r  count[7]_i_1/O
                         net (fo=8, routed)           0.286     4.014    sel
    SLICE_X112Y250       FDRE                                         r  count_reg[0]/CE
  -------------------------------------------------------------------    -------------------

                         (clock sysclk rise edge)     5.000     5.000 r  
    E19                                               0.000     5.000 r  clk_p (IN)
                         net (fo=0)                   0.000     5.000    clk_p
    E19                  IBUFDS (Prop_ibufds_I_O)     0.851     5.851 r  sysclk_ibufds/O
                         net (fo=1, routed)           0.351     6.202    clk_ibuf
    BUFR_X1Y21           BUFR (Prop_bufr_I_O)         0.289     6.491 r  sysclk_bufr/O
                         net (fo=32, routed)          0.658     7.149    clk
    SLICE_X112Y250       FDRE                                         r  count_reg[0]/C
                         clock pessimism              0.245     7.394    
                         clock uncertainty           -0.035     7.358    
    SLICE_X112Y250       FDRE (Setup_fdre_C_CE)      -0.178     7.180    count_reg[0]
  -------------------------------------------------------------------
                         required time                          7.180    
                         arrival time                          -4.014    
  -------------------------------------------------------------------
                         slack                                  3.167    

Slack (MET) :             3.167ns  (required time - arrival time)
  Source:                 prescaler_reg[19]/C
                            (rising edge-triggered cell FDRE clocked by sysclk  {rise@0.000ns fall@2.500ns period=5.000ns})
  Destination:            count_reg[1]/CE
                            (rising edge-triggered cell FDRE clocked by sysclk  {rise@0.000ns fall@2.500ns period=5.000ns})
  Path Group:             sysclk
  Path Type:              Setup (Max at Slow Process Corner)
  Requirement:            5.000ns  (sysclk rise@5.000ns - sysclk rise@0.000ns)
  Data Path Delay:        1.595ns  (logic 0.345ns (21.631%)  route 1.250ns (78.370%))
  Logic Levels:           2  (LUT4=1 LUT6=1)
  Clock Path Skew:        -0.025ns (DCD - SCD + CPR)
    Destination Clock Delay (DCD):    2.149ns = ( 7.149 - 5.000 ) 
    Source Clock Delay      (SCD):    2.419ns
    Clock Pessimism Removal (CPR):    0.245ns
  Clock Uncertainty:      0.035ns  ((TSJ^2 + TIJ^2)^1/2 + DJ) / 2 + PE
    Total System Jitter     (TSJ):    0.071ns
    Total Input Jitter      (TIJ):    0.000ns
    Discrete Jitter          (DJ):    0.000ns
    Phase Error              (PE):    0.000ns

    Location             Delay type                Incr(ns)  Path(ns)    Netlist Resource(s)
  -------------------------------------------------------------------    -------------------
                         (clock sysclk rise edge)     0.000     0.000 r  
    E19                                               0.000     0.000 r  clk_p (IN)
                         net (fo=0)                   0.000     0.000    clk_p
    E19                  IBUFDS (Prop_ibufds_I_O)     0.954     0.954 r  sysclk_ibufds/O
                         net (fo=1, routed)           0.428     1.382    clk_ibuf
    BUFR_X1Y21           BUFR (Prop_bufr_I_O)         0.314     1.696 r  sysclk_bufr/O
                         net (fo=32, routed)          0.723     2.419    clk
    SLICE_X110Y254       FDRE                                         r  prescaler_reg[19]/C
  -------------------------------------------------------------------    -------------------
    SLICE_X110Y254       FDRE (Prop_fdre_C_Q)         0.259     2.678 f  prescaler_reg[19]/Q
                         net (fo=2, routed)           0.438     3.116    prescaler_reg[19]
    SLICE_X111Y255       LUT6 (Prop_lut6_I4_O)        0.043     3.159 r  count[7]_i_4/O
                         net (fo=1, routed)           0.525     3.684    count[7]_i_4_n_0
    SLICE_X111Y252       LUT4 (Prop_lut4_I1_O)        0.043     3.727 r  count[7]_i_1/O
                         net (fo=8, routed)           0.286     4.014    sel
    SLICE_X112Y250       FDRE                                         r  count_reg[1]/CE
  -------------------------------------------------------------------    -------------------

                         (clock sysclk rise edge)     5.000     5.000 r  
    E19                                               0.000     5.000 r  clk_p (IN)
                         net (fo=0)                   0.000     5.000    clk_p
    E19                  IBUFDS (Prop_ibufds_I_O)     0.851     5.851 r  sysclk_ibufds/O
                         net (fo=1, routed)           0.351     6.202    clk_ibuf
    BUFR_X1Y21           BUFR (Prop_bufr_I_O)         0.289     6.491 r  sysclk_bufr/O
                         net (fo=32, routed)          0.658     7.149    clk
    SLICE_X112Y250       FDRE                                         r  count_reg[1]/C
                         clock pessimism              0.245     7.394    
                         clock uncertainty           -0.035     7.358    
    SLICE_X112Y250       FDRE (Setup_fdre_C_CE)      -0.178     7.180    count_reg[1]
  -------------------------------------------------------------------
                         required time                          7.180    
                         arrival time                          -4.014    
  -------------------------------------------------------------------
                         slack                                  3.167    

Slack (MET) :             3.167ns  (required time - arrival time)
  Source:                 prescaler_reg[19]/C
                            (rising edge-triggered cell FDRE clocked by sysclk  {rise@0.000ns fall@2.500ns period=5.000ns})
  Destination:            count_reg[2]/CE
                            (rising edge-triggered cell FDRE clocked by sysclk  {rise@0.000ns fall@2.500ns period=5.000ns})
  Path Group:             sysclk
  Path Type:              Setup (Max at Slow Process Corner)
  Requirement:            5.000ns  (sysclk rise@5.000ns - sysclk rise@0.000ns)
  Data Path Delay:        1.595ns  (logic 0.345ns (21.631%)  route 1.250ns (78.370%))
  Logic Levels:           2  (LUT4=1 LUT6=1)
  Clock Path Skew:        -0.025ns (DCD - SCD + CPR)
    Destination Clock Delay (DCD):    2.149ns = ( 7.149 - 5.000 ) 
    Source Clock Delay      (SCD):    2.419ns
    Clock Pessimism Removal (CPR):    0.245ns
  Clock Uncertainty:      0.035ns  ((TSJ^2 + TIJ^2)^1/2 + DJ) / 2 + PE
    Total System Jitter     (TSJ):    0.071ns
    Total Input Jitter      (TIJ):    0.000ns
    Discrete Jitter          (DJ):    0.000ns
    Phase Error              (PE):    0.000ns

    Location             Delay type                Incr(ns)  Path(ns)    Netlist Resource(s)
  -------------------------------------------------------------------    -------------------
                         (clock sysclk rise edge)     0.000     0.000 r  
    E19                                               0.000     0.000 r  clk_p (IN)
                         net (fo=0)                   0.000     0.000    clk_p
    E19                  IBUFDS (Prop_ibufds_I_O)     0.954     0.954 r  sysclk_ibufds/O
                         net (fo=1, routed)           0.428     1.382    clk_ibuf
    BUFR_X1Y21           BUFR (Prop_bufr_I_O)         0.314     1.696 r  sysclk_bufr/O
                         net (fo=32, routed)          0.723     2.419    clk
    SLICE_X110Y254       FDRE                                         r  prescaler_reg[19]/C
  -------------------------------------------------------------------    -------------------
    SLICE_X110Y254       FDRE (Prop_fdre_C_Q)         0.259     2.678 f  prescaler_reg[19]/Q
                         net (fo=2, routed)           0.438     3.116    prescaler_reg[19]
    SLICE_X111Y255       LUT6 (Prop_lut6_I4_O)        0.043     3.159 r  count[7]_i_4/O
                         net (fo=1, routed)           0.525     3.684    count[7]_i_4_n_0
    SLICE_X111Y252       LUT4 (Prop_lut4_I1_O)        0.043     3.727 r  count[7]_i_1/O
                         net (fo=8, routed)           0.286     4.014    sel
    SLICE_X112Y250       FDRE                                         r  count_reg[2]/CE
  -------------------------------------------------------------------    -------------------

                         (clock sysclk rise edge)     5.000     5.000 r  
    E19                                               0.000     5.000 r  clk_p (IN)
                         net (fo=0)                   0.000     5.000    clk_p
    E19                  IBUFDS (Prop_ibufds_I_O)     0.851     5.851 r  sysclk_ibufds/O
                         net (fo=1, routed)           0.351     6.202    clk_ibuf
    BUFR_X1Y21           BUFR (Prop_bufr_I_O)         0.289     6.491 r  sysclk_bufr/O
                         net (fo=32, routed)          0.658     7.149    clk
    SLICE_X112Y250       FDRE                                         r  count_reg[2]/C
                         clock pessimism              0.245     7.394    
                         clock uncertainty           -0.035     7.358    
    SLICE_X112Y250       FDRE (Setup_fdre_C_CE)      -0.178     7.180    count_reg[2]
  -------------------------------------------------------------------
                         required time                          7.180    
                         arrival time                          -4.014    
  -------------------------------------------------------------------
                         slack                                  3.167    





Min Delay Paths
--------------------------------------------------------------------------------------
Slack (MET) :             0.191ns  (arrival time - required time)
  Source:                 count_reg[6]/C
                            (rising edge-triggered cell FDRE clocked by sysclk  {rise@0.000ns fall@2.500ns period=5.000ns})
  Destination:            count_reg[7]/D
                            (rising edge-triggered cell FDRE clocked by sysclk  {rise@0.000ns fall@2.500ns period=5.000ns})
  Path Group:             sysclk
  Path Type:              Hold (Min at Fast Process Corner)
  Requirement:            0.000ns  (sysclk rise@0.000ns - sysclk rise@0.000ns)
  Data Path Delay:        0.266ns  (logic 0.129ns (48.552%)  route 0.137ns (51.448%))
  Logic Levels:           1  (LUT3=1)
  Clock Path Skew:        0.000ns (DCD - SCD - CPR)
    Destination Clock Delay (DCD):    1.263ns
    Source Clock Delay      (SCD):    1.102ns
    Clock Pessimism Removal (CPR):    0.161ns

    Location             Delay type                Incr(ns)  Path(ns)    Netlist Resource(s)
  -------------------------------------------------------------------    -------------------
                         (clock sysclk rise edge)     0.000     0.000 r  
    E19                                               0.000     0.000 r  clk_p (IN)
                         net (fo=0)                   0.000     0.000    clk_p
    E19                  IBUFDS (Prop_ibufds_I_O)     0.436     0.436 r  sysclk_ibufds/O
                         net (fo=1, routed)           0.216     0.652    clk_ibuf
    BUFR_X1Y21           BUFR (Prop_bufr_I_O)         0.090     0.742 r  sysclk_bufr/O
                         net (fo=32, routed)          0.360     1.102    clk
    SLICE_X111Y250       FDRE                                         r  count_reg[6]/C
  -------------------------------------------------------------------    -------------------
    SLICE_X111Y250       FDRE (Prop_fdre_C_Q)         0.100     1.202 r  count_reg[6]/Q
                         net (fo=3, routed)           0.137     1.339    led_OBUF[6]
    SLICE_X111Y250       LUT3 (Prop_lut3_I1_O)        0.029     1.368 r  count[7]_i_2/O
                         net (fo=1, routed)           0.000     1.368    p_0_in[7]
    SLICE_X111Y250       FDRE                                         r  count_reg[7]/D
  -------------------------------------------------------------------    -------------------

                         (clock sysclk rise edge)     0.000     0.000 r  
    E19                                               0.000     0.000 r  clk_p (IN)
                         net (fo=0)                   0.000     0.000    clk_p
    E19                  IBUFDS (Prop_ibufds_I_O)     0.518     0.518 r  sysclk_ibufds/O
                         net (fo=1, routed)           0.250     0.768    clk_ibuf
    BUFR_X1Y21           BUFR (Prop_bufr_I_O)         0.093     0.861 r  sysclk_bufr/O
                         net (fo=32, routed)          0.402     1.263    clk
    SLICE_X111Y250       FDRE                                         r  count_reg[7]/C
                         clock pessimism             -0.161     1.102    
    SLICE_X111Y250       FDRE (Hold_fdre_C_D)         0.075     1.177    count_reg[7]
  -------------------------------------------------------------------
                         required time                         -1.177    
                         arrival time                           1.368    
  -------------------------------------------------------------------
                         slack                                  0.191    

Slack (MET) :             0.205ns  (arrival time - required time)
  Source:                 count_reg[6]/C
                            (rising edge-triggered cell FDRE clocked by sysclk  {rise@0.000ns fall@2.500ns period=5.000ns})
  Destination:            count_reg[6]/D
                            (rising edge-triggered cell FDRE clocked by sysclk  {rise@0.000ns fall@2.500ns period=5.000ns})
  Path Group:             sysclk
  Path Type:              Hold (Min at Fast Process Corner)
  Requirement:            0.000ns  (sysclk rise@0.000ns - sysclk rise@0.000ns)
  Data Path Delay:        0.265ns  (logic 0.128ns (48.358%)  route 0.137ns (51.642%))
  Logic Levels:           1  (LUT2=1)
  Clock Path Skew:        0.000ns (DCD - SCD - CPR)
    Destination Clock Delay (DCD):    1.263ns
    Source Clock Delay      (SCD):    1.102ns
    Clock Pessimism Removal (CPR):    0.161ns

    Location             Delay type                Incr(ns)  Path(ns)    Netlist Resource(s)
  -------------------------------------------------------------------    -------------------
                         (clock sysclk rise edge)     0.000     0.000 r  
    E19                                               0.000     0.000 r  clk_p (IN)
                         net (fo=0)                   0.000     0.000    clk_p
    E19                  IBUFDS (Prop_ibufds_I_O)     0.436     0.436 r  sysclk_ibufds/O
                         net (fo=1, routed)           0.216     0.652    clk_ibuf
    BUFR_X1Y21           BUFR (Prop_bufr_I_O)         0.090     0.742 r  sysclk_bufr/O
                         net (fo=32, routed)          0.360     1.102    clk
    SLICE_X111Y250       FDRE                                         r  count_reg[6]/C
  -------------------------------------------------------------------    -------------------
    SLICE_X111Y250       FDRE (Prop_fdre_C_Q)         0.100     1.202 r  count_reg[6]/Q
                         net (fo=3, routed)           0.137     1.339    led_OBUF[6]
    SLICE_X111Y250       LUT2 (Prop_lut2_I1_O)        0.028     1.367 r  count[6]_i_1/O
                         net (fo=1, routed)           0.000     1.367    p_0_in[6]
    SLICE_X111Y250       FDRE                                         r  count_reg[6]/D
  -------------------------------------------------------------------    -------------------

                         (clock sysclk rise edge)     0.000     0.000 r  
    E19                                               0.000     0.000 r  clk_p (IN)
                         net (fo=0)                   0.000     0.000    clk_p
    E19                  IBUFDS (Prop_ibufds_I_O)     0.518     0.518 r  sysclk_ibufds/O
                         net (fo=1, routed)           0.250     0.768    clk_ibuf
    BUFR_X1Y21           BUFR (Prop_bufr_I_O)         0.093     0.861 r  sysclk_bufr/O
                         net (fo=32, routed)          0.402     1.263    clk
    SLICE_X111Y250       FDRE                                         r  count_reg[6]/C
                         clock pessimism             -0.161     1.102    
    SLICE_X111Y250       FDRE (Hold_fdre_C_D)         0.060     1.162    count_reg[6]
  -------------------------------------------------------------------
                         required time                         -1.162    
                         arrival time                           1.367    
  -------------------------------------------------------------------
                         slack                                  0.205    

Slack (MET) :             0.206ns  (arrival time - required time)
  Source:                 count_reg[3]/C
                            (rising edge-triggered cell FDRE clocked by sysclk  {rise@0.000ns fall@2.500ns period=5.000ns})
  Destination:            count_reg[4]/D
                            (rising edge-triggered cell FDRE clocked by sysclk  {rise@0.000ns fall@2.500ns period=5.000ns})
  Path Group:             sysclk
  Path Type:              Hold (Min at Fast Process Corner)
  Requirement:            0.000ns  (sysclk rise@0.000ns - sysclk rise@0.000ns)
  Data Path Delay:        0.302ns  (logic 0.150ns (49.744%)  route 0.152ns (50.256%))
  Logic Levels:           1  (LUT5=1)
  Clock Path Skew:        0.000ns (DCD - SCD - CPR)
    Destination Clock Delay (DCD):    1.263ns
    Source Clock Delay      (SCD):    1.102ns
    Clock Pessimism Removal (CPR):    0.161ns

    Location             Delay type                Incr(ns)  Path(ns)    Netlist Resource(s)
  -------------------------------------------------------------------    -------------------
                         (clock sysclk rise edge)     0.000     0.000 r  
    E19                                               0.000     0.000 r  clk_p (IN)
                         net (fo=0)                   0.000     0.000    clk_p
    E19                  IBUFDS (Prop_ibufds_I_O)     0.436     0.436 r  sysclk_ibufds/O
                         net (fo=1, routed)           0.216     0.652    clk_ibuf
    BUFR_X1Y21           BUFR (Prop_bufr_I_O)         0.090     0.742 r  sysclk_bufr/O
                         net (fo=32, routed)          0.360     1.102    clk
    SLICE_X112Y250       FDRE                                         r  count_reg[3]/C
  -------------------------------------------------------------------    -------------------
    SLICE_X112Y250       FDRE (Prop_fdre_C_Q)         0.118     1.220 r  count_reg[3]/Q
                         net (fo=5, routed)           0.152     1.372    led_OBUF[3]
    SLICE_X112Y250       LUT5 (Prop_lut5_I3_O)        0.032     1.404 r  count[4]_i_1/O
                         net (fo=1, routed)           0.000     1.404    p_0_in[4]
    SLICE_X112Y250       FDRE                                         r  count_reg[4]/D
  -------------------------------------------------------------------    -------------------

                         (clock sysclk rise edge)     0.000     0.000 r  
    E19                                               0.000     0.000 r  clk_p (IN)
                         net (fo=0)                   0.000     0.000    clk_p
    E19                  IBUFDS (Prop_ibufds_I_O)     0.518     0.518 r  sysclk_ibufds/O
                         net (fo=1, routed)           0.250     0.768    clk_ibuf
    BUFR_X1Y21           BUFR (Prop_bufr_I_O)         0.093     0.861 r  sysclk_bufr/O
                         net (fo=32, routed)          0.402     1.263    clk
    SLICE_X112Y250       FDRE                                         r  count_reg[4]/C
                         clock pessimism             -0.161     1.102    
    SLICE_X112Y250       FDRE (Hold_fdre_C_D)         0.096     1.198    count_reg[4]
  -------------------------------------------------------------------
                         required time                         -1.198    
                         arrival time                           1.404    
  -------------------------------------------------------------------
                         slack                                  0.206    





Pulse Width Checks
--------------------------------------------------------------------------------------
Clock Name:         sysclk
Waveform(ns):       { 0.000 2.500 }
Period(ns):         5.000
Sources:            { clk_p }

Check Type        Corner  Lib Pin  Reference Pin  Required(ns)  Actual(ns)  Slack(ns)  Location        Pin
Min Period        n/a     BUFR/I   n/a            1.851         5.000       3.149      BUFR_X1Y21      sysclk_bufr/I
Min Period        n/a     FDRE/C   n/a            0.750         5.000       4.250      SLICE_X112Y250  count_reg[2]/C
Min Period        n/a     FDRE/C   n/a            0.750         5.000       4.250      SLICE_X112Y250  count_reg[4]/C
Low Pulse Width   Fast    FDRE/C   n/a            0.400         2.500       2.100      SLICE_X112Y250  count_reg[2]/C
Low Pulse Width   Fast    FDRE/C   n/a            0.400         2.500       2.100      SLICE_X112Y250  count_reg[4]/C
Low Pulse Width   Fast    FDRE/C   n/a            0.400         2.500       2.100      SLICE_X111Y250  count_reg[7]/C
High Pulse Width  Slow    FDRE/C   n/a            0.350         2.500       2.150      SLICE_X112Y250  count_reg[0]/C
High Pulse Width  Slow    FDRE/C   n/a            0.350         2.500       2.150      SLICE_X112Y250  count_reg[1]/C
High Pulse Width  Slow    FDRE/C   n/a            0.350         2.500       2.150      SLICE_X112Y250  count_reg[2]/C



