Copyright 1986-2020 Xilinx, Inc. All Rights Reserved.
--------------------------------------------------------------------------------------
| Tool Version : Vivado v.2020.1.1 (lin64) Build 2960000 Wed Aug  5 22:57:21 MDT 2020
| Date         : Wed May 27 18:56:27 2026
| Host         : jonathan-nuc10i7fnk running 64-bit KDE neon Unstable Edition
| Command      : report_timing_summary -file suite_timing.rpt -max_paths 5
| Design       : top
| Device       : 7vx485t-ffg1761
| Speed File   : -2  PRODUCTION 1.12 2014-09-11
--------------------------------------------------------------------------------------

Timing Summary Report

------------------------------------------------------------------------------------------------
| Timer Settings
| --------------
------------------------------------------------------------------------------------------------

  Enable Multi Corner Analysis               :  Yes
  Enable Pessimism Removal                   :  Yes
  Pessimism Removal Resolution               :  Nearest Common Node
  Enable Input Delay Default Clock           :  No
  Enable Preset / Clear Arcs                 :  No
  Disable Flight Delays                      :  No
  Ignore I/O Paths                           :  No
  Timing Early Launch at Borrowing Latches   :  No
  Borrow Time for Max Delay Exceptions       :  Yes
  Merge Timing Exceptions                    :  Yes

  Corner  Analyze    Analyze    
  Name    Max Paths  Min Paths  
  ------  ---------  ---------  
  Slow    Yes        Yes        
  Fast    Yes        Yes        



check_timing report

Table of Contents
-----------------
1. checking no_clock (0)
2. checking constant_clock (0)
3. checking pulse_width_clock (0)
4. checking unconstrained_internal_endpoints (0)
5. checking no_input_delay (1)
6. checking no_output_delay (8)
7. checking multiple_clock (0)
8. checking generated_clocks (0)
9. checking loops (0)
10. checking partial_input_delay (0)
11. checking partial_output_delay (0)
12. checking latch_loops (0)

1. checking no_clock (0)
------------------------
 There are 0 register/latch pins with no clock.


2. checking constant_clock (0)
------------------------------
 There are 0 register/latch pins with constant_clock.


3. checking pulse_width_clock (0)
---------------------------------
 There are 0 register/latch pins which need pulse_width check


4. checking unconstrained_internal_endpoints (0)
------------------------------------------------
 There are 0 pins that are not constrained for maximum delay.

 There are 0 pins that are not constrained for maximum delay due to constant clock.


5. checking no_input_delay (1)
------------------------------
 There is 1 input port with no input delay specified. (HIGH)

 There are 0 input ports with no input delay but user has a false path constraint.


6. checking no_output_delay (8)
-------------------------------
 There are 8 ports with no output delay specified. (HIGH)

 There are 0 ports with no output delay but user has a false path constraint

 There are 0 ports with no output delay but with a timing clock defined on it or propagating through it


7. checking multiple_clock (0)
------------------------------
 There are 0 register/latch pins with multiple clocks.


8. checking generated_clocks (0)
--------------------------------
 There are 0 generated clocks that are not connected to a clock source.


9. checking loops (0)
---------------------
 There are 0 combinational loops in the design.


10. checking partial_input_delay (0)
------------------------------------
 There are 0 input ports with partial input delay specified.


11. checking partial_output_delay (0)
-------------------------------------
 There are 0 ports with partial output delay specified.


12. checking latch_loops (0)
----------------------------
 There are 0 combinational latch loops in the design through latch input



------------------------------------------------------------------------------------------------
| Design Timing Summary
| ---------------------
------------------------------------------------------------------------------------------------

    WNS(ns)      TNS(ns)  TNS Failing Endpoints  TNS Total Endpoints      WHS(ns)      THS(ns)  THS Failing Endpoints  THS Total Endpoints     WPWS(ns)     TPWS(ns)  TPWS Failing Endpoints  TPWS Total Endpoints  
    -------      -------  ---------------------  -------------------      -------      -------  ---------------------  -------------------     --------     --------  ----------------------  --------------------  
      2.237        0.000                      0                   32        0.212        0.000                      0                   32        2.150        0.000                       0                    33  


All user specified timing constraints are met.


------------------------------------------------------------------------------------------------
| Clock Summary
| -------------
------------------------------------------------------------------------------------------------

Clock   Waveform(ns)         Period(ns)      Frequency(MHz)
-----   ------------         ----------      --------------
sysclk  {0.000 2.500}        5.000           200.000         


------------------------------------------------------------------------------------------------
| Intra Clock Table
| -----------------
------------------------------------------------------------------------------------------------

Clock             WNS(ns)      TNS(ns)  TNS Failing Endpoints  TNS Total Endpoints      WHS(ns)      THS(ns)  THS Failing Endpoints  THS Total Endpoints     WPWS(ns)     TPWS(ns)  TPWS Failing Endpoints  TPWS Total Endpoints  
-----             -------      -------  ---------------------  -------------------      -------      -------  ---------------------  -------------------     --------     --------  ----------------------  --------------------  
sysclk              2.237        0.000                      0                   32        0.212        0.000                      0                   32        2.150        0.000                       0                    33  


------------------------------------------------------------------------------------------------
| Inter Clock Table
| -----------------
------------------------------------------------------------------------------------------------

From Clock    To Clock          WNS(ns)      TNS(ns)  TNS Failing Endpoints  TNS Total Endpoints      WHS(ns)      THS(ns)  THS Failing Endpoints  THS Total Endpoints  
----------    --------          -------      -------  ---------------------  -------------------      -------      -------  ---------------------  -------------------  


------------------------------------------------------------------------------------------------
| Other Path Groups Table
| -----------------------
------------------------------------------------------------------------------------------------

Path Group    From Clock    To Clock          WNS(ns)      TNS(ns)  TNS Failing Endpoints  TNS Total Endpoints      WHS(ns)      THS(ns)  THS Failing Endpoints  THS Total Endpoints  
----------    ----------    --------          -------      -------  ---------------------  -------------------      -------      -------  ---------------------  -------------------  


------------------------------------------------------------------------------------------------
| Timing Details
| --------------
------------------------------------------------------------------------------------------------


---------------------------------------------------------------------------------------------------
From Clock:  sysclk
  To Clock:  sysclk

Setup :            0  Failing Endpoints,  Worst Slack        2.237ns,  Total Violation        0.000ns
Hold  :            0  Failing Endpoints,  Worst Slack        0.212ns,  Total Violation        0.000ns
PW    :            0  Failing Endpoints,  Worst Slack        2.150ns,  Total Violation        0.000ns
---------------------------------------------------------------------------------------------------


Max Delay Paths
--------------------------------------------------------------------------------------
Slack (MET) :             2.237ns  (required time - arrival time)
  Source:                 the_FDRE_416/C
                            (rising edge-triggered cell FDRE clocked by sysclk  {rise@0.000ns fall@2.500ns period=5.000ns})
  Destination:            the_FDRE_206/D
                            (rising edge-triggered cell FDRE clocked by sysclk  {rise@0.000ns fall@2.500ns period=5.000ns})
  Path Group:             sysclk
  Path Type:              Setup (Max at Slow Process Corner)
  Requirement:            5.000ns  (sysclk rise@5.000ns - sysclk rise@0.000ns)
  Data Path Delay:        2.745ns  (logic 1.085ns (39.522%)  route 1.660ns (60.478%))
  Logic Levels:           7  (LUT3=1 LUT4=1 LUT6=1 MUXF7=1 MUXF8=3)
  Clock Path Skew:        -0.016ns (DCD - SCD + CPR)
    Destination Clock Delay (DCD):    4.076ns = ( 9.076 - 5.000 ) 
    Source Clock Delay      (SCD):    4.449ns
    Clock Pessimism Removal (CPR):    0.357ns
  Clock Uncertainty:      0.035ns  ((TSJ^2 + TIJ^2)^1/2 + DJ) / 2 + PE
    Total System Jitter     (TSJ):    0.071ns
    Total Input Jitter      (TIJ):    0.000ns
    Discrete Jitter          (DJ):    0.000ns
    Phase Error              (PE):    0.000ns

    Location             Delay type                Incr(ns)  Path(ns)    Netlist Resource(s)
  -------------------------------------------------------------------    -------------------
                         (clock sysclk rise edge)     0.000     0.000 r  
    E19                                               0.000     0.000 r  clk_p (IN)
                         net (fo=0)                   0.000     0.000    n4
    E19                  IBUFDS (Prop_ibufds_I_O)     0.954     0.954 r  the_IBUFDS_454/O
                         net (fo=1, routed)           1.866     2.820    n8
    BUFGCTRL_X0Y16       BUFG (Prop_bufg_I_O)         0.093     2.913 r  the_BUFG_456/O
                         net (fo=32, routed)          1.536     4.449    n7
    SLICE_X46Y129        FDRE                                         r  the_FDRE_416/C
  -------------------------------------------------------------------    -------------------
    SLICE_X46Y129        FDRE (Prop_fdre_C_Q)         0.259     4.708 f  the_FDRE_416/Q
                         net (fo=3, routed)           0.464     5.172    n68
    SLICE_X46Y130        LUT6 (Prop_lut6_I0_O)        0.043     5.215 r  the_LUT6_253/O
                         net (fo=1, routed)           0.000     5.215    n125
    SLICE_X46Y130        MUXF7 (Prop_muxf7_I0_O)      0.115     5.330 r  the_MUXF7_255/O
                         net (fo=1, routed)           0.000     5.330    n124
    SLICE_X46Y130        MUXF8 (Prop_muxf8_I0_O)      0.046     5.376 r  the_MUXF8_257/O
                         net (fo=1, routed)           0.302     5.678    n123
    SLICE_X46Y131        MUXF8 (Prop_muxf8_S_O)       0.227     5.905 r  the_MUXF8_271/O
                         net (fo=1, routed)           0.273     6.177    n116
    SLICE_X46Y133        MUXF8 (Prop_muxf8_S_O)       0.227     6.404 r  the_MUXF8_285/O
                         net (fo=1, routed)           0.270     6.675    n109
    SLICE_X44Y134        LUT3 (Prop_lut3_I2_O)        0.125     6.800 r  the_LUT3_448/O
                         net (fo=8, routed)           0.352     7.151    n11
    SLICE_X47Y136        LUT4 (Prop_lut4_I2_O)        0.043     7.194 r  the_LUT4_204/O
                         net (fo=1, routed)           0.000     7.194    n160
    SLICE_X47Y136        FDRE                                         r  the_FDRE_206/D
  -------------------------------------------------------------------    -------------------

                         (clock sysclk rise edge)     5.000     5.000 r  
    E19                                               0.000     5.000 r  clk_p (IN)
                         net (fo=0)                   0.000     5.000    n4
    E19                  IBUFDS (Prop_ibufds_I_O)     0.851     5.851 r  the_IBUFDS_454/O
                         net (fo=1, routed)           1.734     7.585    n8
    BUFGCTRL_X0Y16       BUFG (Prop_bufg_I_O)         0.083     7.668 r  the_BUFG_456/O
                         net (fo=32, routed)          1.408     9.076    n7
    SLICE_X47Y136        FDRE                                         r  the_FDRE_206/C
                         clock pessimism              0.357     9.433    
                         clock uncertainty           -0.035     9.397    
    SLICE_X47Y136        FDRE (Setup_fdre_C_D)        0.034     9.431    the_FDRE_206
  -------------------------------------------------------------------
                         required time                          9.431    
                         arrival time                          -7.194    
  -------------------------------------------------------------------
                         slack                                  2.237    

Slack (MET) :             2.239ns  (required time - arrival time)
  Source:                 the_FDRE_416/C
                            (rising edge-triggered cell FDRE clocked by sysclk  {rise@0.000ns fall@2.500ns period=5.000ns})
  Destination:            the_FDRE_218/D
                            (rising edge-triggered cell FDRE clocked by sysclk  {rise@0.000ns fall@2.500ns period=5.000ns})
  Path Group:             sysclk
  Path Type:              Setup (Max at Slow Process Corner)
  Requirement:            5.000ns  (sysclk rise@5.000ns - sysclk rise@0.000ns)
  Data Path Delay:        2.743ns  (logic 1.085ns (39.550%)  route 1.658ns (60.450%))
  Logic Levels:           7  (LUT3=1 LUT4=1 LUT6=1 MUXF7=1 MUXF8=3)
  Clock Path Skew:        -0.016ns (DCD - SCD + CPR)
    Destination Clock Delay (DCD):    4.076ns = ( 9.076 - 5.000 ) 
    Source Clock Delay      (SCD):    4.449ns
    Clock Pessimism Removal (CPR):    0.357ns
  Clock Uncertainty:      0.035ns  ((TSJ^2 + TIJ^2)^1/2 + DJ) / 2 + PE
    Total System Jitter     (TSJ):    0.071ns
    Total Input Jitter      (TIJ):    0.000ns
    Discrete Jitter          (DJ):    0.000ns
    Phase Error              (PE):    0.000ns

    Location             Delay type                Incr(ns)  Path(ns)    Netlist Resource(s)
  -------------------------------------------------------------------    -------------------
                         (clock sysclk rise edge)     0.000     0.000 r  
    E19                                               0.000     0.000 r  clk_p (IN)
                         net (fo=0)                   0.000     0.000    n4
    E19                  IBUFDS (Prop_ibufds_I_O)     0.954     0.954 r  the_IBUFDS_454/O
                         net (fo=1, routed)           1.866     2.820    n8
    BUFGCTRL_X0Y16       BUFG (Prop_bufg_I_O)         0.093     2.913 r  the_BUFG_456/O
                         net (fo=32, routed)          1.536     4.449    n7
    SLICE_X46Y129        FDRE                                         r  the_FDRE_416/C
  -------------------------------------------------------------------    -------------------
    SLICE_X46Y129        FDRE (Prop_fdre_C_Q)         0.259     4.708 f  the_FDRE_416/Q
                         net (fo=3, routed)           0.464     5.172    n68
    SLICE_X46Y130        LUT6 (Prop_lut6_I0_O)        0.043     5.215 r  the_LUT6_253/O
                         net (fo=1, routed)           0.000     5.215    n125
    SLICE_X46Y130        MUXF7 (Prop_muxf7_I0_O)      0.115     5.330 r  the_MUXF7_255/O
                         net (fo=1, routed)           0.000     5.330    n124
    SLICE_X46Y130        MUXF8 (Prop_muxf8_I0_O)      0.046     5.376 r  the_MUXF8_257/O
                         net (fo=1, routed)           0.302     5.678    n123
    SLICE_X46Y131        MUXF8 (Prop_muxf8_S_O)       0.227     5.905 r  the_MUXF8_271/O
                         net (fo=1, routed)           0.273     6.177    n116
    SLICE_X46Y133        MUXF8 (Prop_muxf8_S_O)       0.227     6.404 r  the_MUXF8_285/O
                         net (fo=1, routed)           0.270     6.675    n109
    SLICE_X44Y134        LUT3 (Prop_lut3_I2_O)        0.125     6.800 r  the_LUT3_448/O
                         net (fo=8, routed)           0.350     7.149    n11
    SLICE_X47Y136        LUT4 (Prop_lut4_I2_O)        0.043     7.192 r  the_LUT4_216/O
                         net (fo=1, routed)           0.000     7.192    n150
    SLICE_X47Y136        FDRE                                         r  the_FDRE_218/D
  -------------------------------------------------------------------    -------------------

                         (clock sysclk rise edge)     5.000     5.000 r  
    E19                                               0.000     5.000 r  clk_p (IN)
                         net (fo=0)                   0.000     5.000    n4
    E19                  IBUFDS (Prop_ibufds_I_O)     0.851     5.851 r  the_IBUFDS_454/O
                         net (fo=1, routed)           1.734     7.585    n8
    BUFGCTRL_X0Y16       BUFG (Prop_bufg_I_O)         0.083     7.668 r  the_BUFG_456/O
                         net (fo=32, routed)          1.408     9.076    n7
    SLICE_X47Y136        FDRE                                         r  the_FDRE_218/C
                         clock pessimism              0.357     9.433    
                         clock uncertainty           -0.035     9.397    
    SLICE_X47Y136        FDRE (Setup_fdre_C_D)        0.034     9.431    the_FDRE_218
  -------------------------------------------------------------------
                         required time                          9.431    
                         arrival time                          -7.192    
  -------------------------------------------------------------------
                         slack                                  2.239    

Slack (MET) :             2.299ns  (required time - arrival time)
  Source:                 the_FDRE_416/C
                            (rising edge-triggered cell FDRE clocked by sysclk  {rise@0.000ns fall@2.500ns period=5.000ns})
  Destination:            the_FDRE_196/D
                            (rising edge-triggered cell FDRE clocked by sysclk  {rise@0.000ns fall@2.500ns period=5.000ns})
  Path Group:             sysclk
  Path Type:              Setup (Max at Slow Process Corner)
  Requirement:            5.000ns  (sysclk rise@5.000ns - sysclk rise@0.000ns)
  Data Path Delay:        2.683ns  (logic 1.085ns (40.437%)  route 1.598ns (59.563%))
  Logic Levels:           7  (LUT3=1 LUT4=1 LUT6=1 MUXF7=1 MUXF8=3)
  Clock Path Skew:        -0.016ns (DCD - SCD + CPR)
    Destination Clock Delay (DCD):    4.076ns = ( 9.076 - 5.000 ) 
    Source Clock Delay      (SCD):    4.449ns
    Clock Pessimism Removal (CPR):    0.357ns
  Clock Uncertainty:      0.035ns  ((TSJ^2 + TIJ^2)^1/2 + DJ) / 2 + PE
    Total System Jitter     (TSJ):    0.071ns
    Total Input Jitter      (TIJ):    0.000ns
    Discrete Jitter          (DJ):    0.000ns
    Phase Error              (PE):    0.000ns

    Location             Delay type                Incr(ns)  Path(ns)    Netlist Resource(s)
  -------------------------------------------------------------------    -------------------
                         (clock sysclk rise edge)     0.000     0.000 r  
    E19                                               0.000     0.000 r  clk_p (IN)
                         net (fo=0)                   0.000     0.000    n4
    E19                  IBUFDS (Prop_ibufds_I_O)     0.954     0.954 r  the_IBUFDS_454/O
                         net (fo=1, routed)           1.866     2.820    n8
    BUFGCTRL_X0Y16       BUFG (Prop_bufg_I_O)         0.093     2.913 r  the_BUFG_456/O
                         net (fo=32, routed)          1.536     4.449    n7
    SLICE_X46Y129        FDRE                                         r  the_FDRE_416/C
  -------------------------------------------------------------------    -------------------
    SLICE_X46Y129        FDRE (Prop_fdre_C_Q)         0.259     4.708 f  the_FDRE_416/Q
                         net (fo=3, routed)           0.464     5.172    n68
    SLICE_X46Y130        LUT6 (Prop_lut6_I0_O)        0.043     5.215 r  the_LUT6_253/O
                         net (fo=1, routed)           0.000     5.215    n125
    SLICE_X46Y130        MUXF7 (Prop_muxf7_I0_O)      0.115     5.330 r  the_MUXF7_255/O
                         net (fo=1, routed)           0.000     5.330    n124
    SLICE_X46Y130        MUXF8 (Prop_muxf8_I0_O)      0.046     5.376 r  the_MUXF8_257/O
                         net (fo=1, routed)           0.302     5.678    n123
    SLICE_X46Y131        MUXF8 (Prop_muxf8_S_O)       0.227     5.905 r  the_MUXF8_271/O
                         net (fo=1, routed)           0.273     6.177    n116
    SLICE_X46Y133        MUXF8 (Prop_muxf8_S_O)       0.227     6.404 r  the_MUXF8_285/O
                         net (fo=1, routed)           0.270     6.675    n109
    SLICE_X44Y134        LUT3 (Prop_lut3_I2_O)        0.125     6.800 r  the_LUT3_448/O
                         net (fo=8, routed)           0.289     7.089    n11
    SLICE_X47Y136        LUT4 (Prop_lut4_I2_O)        0.043     7.132 r  the_LUT4_193/O
                         net (fo=1, routed)           0.000     7.132    n164
    SLICE_X47Y136        FDRE                                         r  the_FDRE_196/D
  -------------------------------------------------------------------    -------------------

                         (clock sysclk rise edge)     5.000     5.000 r  
    E19                                               0.000     5.000 r  clk_p (IN)
                         net (fo=0)                   0.000     5.000    n4
    E19                  IBUFDS (Prop_ibufds_I_O)     0.851     5.851 r  the_IBUFDS_454/O
                         net (fo=1, routed)           1.734     7.585    n8
    BUFGCTRL_X0Y16       BUFG (Prop_bufg_I_O)         0.083     7.668 r  the_BUFG_456/O
                         net (fo=32, routed)          1.408     9.076    n7
    SLICE_X47Y136        FDRE                                         r  the_FDRE_196/C
                         clock pessimism              0.357     9.433    
                         clock uncertainty           -0.035     9.397    
    SLICE_X47Y136        FDRE (Setup_fdre_C_D)        0.034     9.431    the_FDRE_196
  -------------------------------------------------------------------
                         required time                          9.431    
                         arrival time                          -7.132    
  -------------------------------------------------------------------
                         slack                                  2.299    

Slack (MET) :             2.300ns  (required time - arrival time)
  Source:                 the_FDRE_416/C
                            (rising edge-triggered cell FDRE clocked by sysclk  {rise@0.000ns fall@2.500ns period=5.000ns})
  Destination:            the_FDRE_201/D
                            (rising edge-triggered cell FDRE clocked by sysclk  {rise@0.000ns fall@2.500ns period=5.000ns})
  Path Group:             sysclk
  Path Type:              Setup (Max at Slow Process Corner)
  Requirement:            5.000ns  (sysclk rise@5.000ns - sysclk rise@0.000ns)
  Data Path Delay:        2.681ns  (logic 1.085ns (40.467%)  route 1.596ns (59.533%))
  Logic Levels:           7  (LUT3=1 LUT4=1 LUT6=1 MUXF7=1 MUXF8=3)
  Clock Path Skew:        -0.016ns (DCD - SCD + CPR)
    Destination Clock Delay (DCD):    4.076ns = ( 9.076 - 5.000 ) 
    Source Clock Delay      (SCD):    4.449ns
    Clock Pessimism Removal (CPR):    0.357ns
  Clock Uncertainty:      0.035ns  ((TSJ^2 + TIJ^2)^1/2 + DJ) / 2 + PE
    Total System Jitter     (TSJ):    0.071ns
    Total Input Jitter      (TIJ):    0.000ns
    Discrete Jitter          (DJ):    0.000ns
    Phase Error              (PE):    0.000ns

    Location             Delay type                Incr(ns)  Path(ns)    Netlist Resource(s)
  -------------------------------------------------------------------    -------------------
                         (clock sysclk rise edge)     0.000     0.000 r  
    E19                                               0.000     0.000 r  clk_p (IN)
                         net (fo=0)                   0.000     0.000    n4
    E19                  IBUFDS (Prop_ibufds_I_O)     0.954     0.954 r  the_IBUFDS_454/O
                         net (fo=1, routed)           1.866     2.820    n8
    BUFGCTRL_X0Y16       BUFG (Prop_bufg_I_O)         0.093     2.913 r  the_BUFG_456/O
                         net (fo=32, routed)          1.536     4.449    n7
    SLICE_X46Y129        FDRE                                         r  the_FDRE_416/C
  -------------------------------------------------------------------    -------------------
    SLICE_X46Y129        FDRE (Prop_fdre_C_Q)         0.259     4.708 f  the_FDRE_416/Q
                         net (fo=3, routed)           0.464     5.172    n68
    SLICE_X46Y130        LUT6 (Prop_lut6_I0_O)        0.043     5.215 r  the_LUT6_253/O
                         net (fo=1, routed)           0.000     5.215    n125
    SLICE_X46Y130        MUXF7 (Prop_muxf7_I0_O)      0.115     5.330 r  the_MUXF7_255/O
                         net (fo=1, routed)           0.000     5.330    n124
    SLICE_X46Y130        MUXF8 (Prop_muxf8_I0_O)      0.046     5.376 r  the_MUXF8_257/O
                         net (fo=1, routed)           0.302     5.678    n123
    SLICE_X46Y131        MUXF8 (Prop_muxf8_S_O)       0.227     5.905 r  the_MUXF8_271/O
                         net (fo=1, routed)           0.273     6.177    n116
    SLICE_X46Y133        MUXF8 (Prop_muxf8_S_O)       0.227     6.404 r  the_MUXF8_285/O
                         net (fo=1, routed)           0.270     6.675    n109
    SLICE_X44Y134        LUT3 (Prop_lut3_I2_O)        0.125     6.800 r  the_LUT3_448/O
                         net (fo=8, routed)           0.287     7.087    n11
    SLICE_X47Y136        LUT4 (Prop_lut4_I2_O)        0.043     7.130 r  the_LUT4_199/O
                         net (fo=1, routed)           0.000     7.130    n162
    SLICE_X47Y136        FDRE                                         r  the_FDRE_201/D
  -------------------------------------------------------------------    -------------------

                         (clock sysclk rise edge)     5.000     5.000 r  
    E19                                               0.000     5.000 r  clk_p (IN)
                         net (fo=0)                   0.000     5.000    n4
    E19                  IBUFDS (Prop_ibufds_I_O)     0.851     5.851 r  the_IBUFDS_454/O
                         net (fo=1, routed)           1.734     7.585    n8
    BUFGCTRL_X0Y16       BUFG (Prop_bufg_I_O)         0.083     7.668 r  the_BUFG_456/O
                         net (fo=32, routed)          1.408     9.076    n7
    SLICE_X47Y136        FDRE                                         r  the_FDRE_201/C
                         clock pessimism              0.357     9.433    
                         clock uncertainty           -0.035     9.397    
    SLICE_X47Y136        FDRE (Setup_fdre_C_D)        0.033     9.430    the_FDRE_201
  -------------------------------------------------------------------
                         required time                          9.430    
                         arrival time                          -7.130    
  -------------------------------------------------------------------
                         slack                                  2.300    

Slack (MET) :             2.327ns  (required time - arrival time)
  Source:                 the_FDRE_416/C
                            (rising edge-triggered cell FDRE clocked by sysclk  {rise@0.000ns fall@2.500ns period=5.000ns})
  Destination:            the_FDRE_242/D
                            (rising edge-triggered cell FDRE clocked by sysclk  {rise@0.000ns fall@2.500ns period=5.000ns})
  Path Group:             sysclk
  Path Type:              Setup (Max at Slow Process Corner)
  Requirement:            5.000ns  (sysclk rise@5.000ns - sysclk rise@0.000ns)
  Data Path Delay:        2.654ns  (logic 1.085ns (40.879%)  route 1.569ns (59.121%))
  Logic Levels:           7  (LUT3=1 LUT4=1 LUT6=1 MUXF7=1 MUXF8=3)
  Clock Path Skew:        -0.017ns (DCD - SCD + CPR)
    Destination Clock Delay (DCD):    4.075ns = ( 9.075 - 5.000 ) 
    Source Clock Delay      (SCD):    4.449ns
    Clock Pessimism Removal (CPR):    0.357ns
  Clock Uncertainty:      0.035ns  ((TSJ^2 + TIJ^2)^1/2 + DJ) / 2 + PE
    Total System Jitter     (TSJ):    0.071ns
    Total Input Jitter      (TIJ):    0.000ns
    Discrete Jitter          (DJ):    0.000ns
    Phase Error              (PE):    0.000ns

    Location             Delay type                Incr(ns)  Path(ns)    Netlist Resource(s)
  -------------------------------------------------------------------    -------------------
                         (clock sysclk rise edge)     0.000     0.000 r  
    E19                                               0.000     0.000 r  clk_p (IN)
                         net (fo=0)                   0.000     0.000    n4
    E19                  IBUFDS (Prop_ibufds_I_O)     0.954     0.954 r  the_IBUFDS_454/O
                         net (fo=1, routed)           1.866     2.820    n8
    BUFGCTRL_X0Y16       BUFG (Prop_bufg_I_O)         0.093     2.913 r  the_BUFG_456/O
                         net (fo=32, routed)          1.536     4.449    n7
    SLICE_X46Y129        FDRE                                         r  the_FDRE_416/C
  -------------------------------------------------------------------    -------------------
    SLICE_X46Y129        FDRE (Prop_fdre_C_Q)         0.259     4.708 f  the_FDRE_416/Q
                         net (fo=3, routed)           0.464     5.172    n68
    SLICE_X46Y130        LUT6 (Prop_lut6_I0_O)        0.043     5.215 r  the_LUT6_253/O
                         net (fo=1, routed)           0.000     5.215    n125
    SLICE_X46Y130        MUXF7 (Prop_muxf7_I0_O)      0.115     5.330 r  the_MUXF7_255/O
                         net (fo=1, routed)           0.000     5.330    n124
    SLICE_X46Y130        MUXF8 (Prop_muxf8_I0_O)      0.046     5.376 r  the_MUXF8_257/O
                         net (fo=1, routed)           0.302     5.678    n123
    SLICE_X46Y131        MUXF8 (Prop_muxf8_S_O)       0.227     5.905 r  the_MUXF8_271/O
                         net (fo=1, routed)           0.273     6.177    n116
    SLICE_X46Y133        MUXF8 (Prop_muxf8_S_O)       0.227     6.404 r  the_MUXF8_285/O
                         net (fo=1, routed)           0.270     6.675    n109
    SLICE_X44Y134        LUT3 (Prop_lut3_I2_O)        0.125     6.800 r  the_LUT3_448/O
                         net (fo=8, routed)           0.260     7.060    n11
    SLICE_X47Y135        LUT4 (Prop_lut4_I2_O)        0.043     7.103 r  the_LUT4_240/O
                         net (fo=1, routed)           0.000     7.103    n139
    SLICE_X47Y135        FDRE                                         r  the_FDRE_242/D
  -------------------------------------------------------------------    -------------------

                         (clock sysclk rise edge)     5.000     5.000 r  
    E19                                               0.000     5.000 r  clk_p (IN)
                         net (fo=0)                   0.000     5.000    n4
    E19                  IBUFDS (Prop_ibufds_I_O)     0.851     5.851 r  the_IBUFDS_454/O
                         net (fo=1, routed)           1.734     7.585    n8
    BUFGCTRL_X0Y16       BUFG (Prop_bufg_I_O)         0.083     7.668 r  the_BUFG_456/O
                         net (fo=32, routed)          1.407     9.075    n7
    SLICE_X47Y135        FDRE                                         r  the_FDRE_242/C
                         clock pessimism              0.357     9.432    
                         clock uncertainty           -0.035     9.396    
    SLICE_X47Y135        FDRE (Setup_fdre_C_D)        0.034     9.430    the_FDRE_242
  -------------------------------------------------------------------
                         required time                          9.430    
                         arrival time                          -7.103    
  -------------------------------------------------------------------
                         slack                                  2.327    





Min Delay Paths
--------------------------------------------------------------------------------------
Slack (MET) :             0.212ns  (arrival time - required time)
  Source:                 the_FDRE_218/C
                            (rising edge-triggered cell FDRE clocked by sysclk  {rise@0.000ns fall@2.500ns period=5.000ns})
  Destination:            the_FDRE_218/D
                            (rising edge-triggered cell FDRE clocked by sysclk  {rise@0.000ns fall@2.500ns period=5.000ns})
  Path Group:             sysclk
  Path Type:              Hold (Min at Fast Process Corner)
  Requirement:            0.000ns  (sysclk rise@0.000ns - sysclk rise@0.000ns)
  Data Path Delay:        0.273ns  (logic 0.128ns (46.867%)  route 0.145ns (53.133%))
  Logic Levels:           1  (LUT4=1)
  Clock Path Skew:        0.000ns (DCD - SCD - CPR)
    Destination Clock Delay (DCD):    2.437ns
    Source Clock Delay      (SCD):    2.061ns
    Clock Pessimism Removal (CPR):    0.376ns

    Location             Delay type                Incr(ns)  Path(ns)    Netlist Resource(s)
  -------------------------------------------------------------------    -------------------
                         (clock sysclk rise edge)     0.000     0.000 r  
    E19                                               0.000     0.000 r  clk_p (IN)
                         net (fo=0)                   0.000     0.000    n4
    E19                  IBUFDS (Prop_ibufds_I_O)     0.436     0.436 r  the_IBUFDS_454/O
                         net (fo=1, routed)           0.912     1.348    n8
    BUFGCTRL_X0Y16       BUFG (Prop_bufg_I_O)         0.026     1.374 r  the_BUFG_456/O
                         net (fo=32, routed)          0.687     2.061    n7
    SLICE_X47Y136        FDRE                                         r  the_FDRE_218/C
  -------------------------------------------------------------------    -------------------
    SLICE_X47Y136        FDRE (Prop_fdre_C_Q)         0.100     2.161 r  the_FDRE_218/Q
                         net (fo=4, routed)           0.145     2.306    n149
    SLICE_X47Y136        LUT4 (Prop_lut4_I0_O)        0.028     2.334 r  the_LUT4_216/O
                         net (fo=1, routed)           0.000     2.334    n150
    SLICE_X47Y136        FDRE                                         r  the_FDRE_218/D
  -------------------------------------------------------------------    -------------------

                         (clock sysclk rise edge)     0.000     0.000 r  
    E19                                               0.000     0.000 r  clk_p (IN)
                         net (fo=0)                   0.000     0.000    n4
    E19                  IBUFDS (Prop_ibufds_I_O)     0.518     0.518 r  the_IBUFDS_454/O
                         net (fo=1, routed)           0.981     1.499    n8
    BUFGCTRL_X0Y16       BUFG (Prop_bufg_I_O)         0.030     1.529 r  the_BUFG_456/O
                         net (fo=32, routed)          0.908     2.437    n7
    SLICE_X47Y136        FDRE                                         r  the_FDRE_218/C
                         clock pessimism             -0.376     2.061    
    SLICE_X47Y136        FDRE (Hold_fdre_C_D)         0.061     2.122    the_FDRE_218
  -------------------------------------------------------------------
                         required time                         -2.122    
                         arrival time                           2.334    
  -------------------------------------------------------------------
                         slack                                  0.212    

Slack (MET) :             0.214ns  (arrival time - required time)
  Source:                 the_FDRE_196/C
                            (rising edge-triggered cell FDRE clocked by sysclk  {rise@0.000ns fall@2.500ns period=5.000ns})
  Destination:            the_FDRE_196/D
                            (rising edge-triggered cell FDRE clocked by sysclk  {rise@0.000ns fall@2.500ns period=5.000ns})
  Path Group:             sysclk
  Path Type:              Hold (Min at Fast Process Corner)
  Requirement:            0.000ns  (sysclk rise@0.000ns - sysclk rise@0.000ns)
  Data Path Delay:        0.274ns  (logic 0.128ns (46.713%)  route 0.146ns (53.287%))
  Logic Levels:           1  (LUT4=1)
  Clock Path Skew:        0.000ns (DCD - SCD - CPR)
    Destination Clock Delay (DCD):    2.437ns
    Source Clock Delay      (SCD):    2.061ns
    Clock Pessimism Removal (CPR):    0.376ns

    Location             Delay type                Incr(ns)  Path(ns)    Netlist Resource(s)
  -------------------------------------------------------------------    -------------------
                         (clock sysclk rise edge)     0.000     0.000 r  
    E19                                               0.000     0.000 r  clk_p (IN)
                         net (fo=0)                   0.000     0.000    n4
    E19                  IBUFDS (Prop_ibufds_I_O)     0.436     0.436 r  the_IBUFDS_454/O
                         net (fo=1, routed)           0.912     1.348    n8
    BUFGCTRL_X0Y16       BUFG (Prop_bufg_I_O)         0.026     1.374 r  the_BUFG_456/O
                         net (fo=32, routed)          0.687     2.061    n7
    SLICE_X47Y136        FDRE                                         r  the_FDRE_196/C
  -------------------------------------------------------------------    -------------------
    SLICE_X47Y136        FDRE (Prop_fdre_C_Q)         0.100     2.161 r  the_FDRE_196/Q
                         net (fo=4, routed)           0.146     2.307    n163
    SLICE_X47Y136        LUT4 (Prop_lut4_I0_O)        0.028     2.335 r  the_LUT4_193/O
                         net (fo=1, routed)           0.000     2.335    n164
    SLICE_X47Y136        FDRE                                         r  the_FDRE_196/D
  -------------------------------------------------------------------    -------------------

                         (clock sysclk rise edge)     0.000     0.000 r  
    E19                                               0.000     0.000 r  clk_p (IN)
                         net (fo=0)                   0.000     0.000    n4
    E19                  IBUFDS (Prop_ibufds_I_O)     0.518     0.518 r  the_IBUFDS_454/O
                         net (fo=1, routed)           0.981     1.499    n8
    BUFGCTRL_X0Y16       BUFG (Prop_bufg_I_O)         0.030     1.529 r  the_BUFG_456/O
                         net (fo=32, routed)          0.908     2.437    n7
    SLICE_X47Y136        FDRE                                         r  the_FDRE_196/C
                         clock pessimism             -0.376     2.061    
    SLICE_X47Y136        FDRE (Hold_fdre_C_D)         0.060     2.121    the_FDRE_196
  -------------------------------------------------------------------
                         required time                         -2.121    
                         arrival time                           2.335    
  -------------------------------------------------------------------
                         slack                                  0.214    

Slack (MET) :             0.214ns  (arrival time - required time)
  Source:                 the_FDRE_232/C
                            (rising edge-triggered cell FDRE clocked by sysclk  {rise@0.000ns fall@2.500ns period=5.000ns})
  Destination:            the_FDRE_232/D
                            (rising edge-triggered cell FDRE clocked by sysclk  {rise@0.000ns fall@2.500ns period=5.000ns})
  Path Group:             sysclk
  Path Type:              Hold (Min at Fast Process Corner)
  Requirement:            0.000ns  (sysclk rise@0.000ns - sysclk rise@0.000ns)
  Data Path Delay:        0.274ns  (logic 0.128ns (46.713%)  route 0.146ns (53.287%))
  Logic Levels:           1  (LUT4=1)
  Clock Path Skew:        0.000ns (DCD - SCD - CPR)
    Destination Clock Delay (DCD):    2.437ns
    Source Clock Delay      (SCD):    2.061ns
    Clock Pessimism Removal (CPR):    0.376ns

    Location             Delay type                Incr(ns)  Path(ns)    Netlist Resource(s)
  -------------------------------------------------------------------    -------------------
                         (clock sysclk rise edge)     0.000     0.000 r  
    E19                                               0.000     0.000 r  clk_p (IN)
                         net (fo=0)                   0.000     0.000    n4
    E19                  IBUFDS (Prop_ibufds_I_O)     0.436     0.436 r  the_IBUFDS_454/O
                         net (fo=1, routed)           0.912     1.348    n8
    BUFGCTRL_X0Y16       BUFG (Prop_bufg_I_O)         0.026     1.374 r  the_BUFG_456/O
                         net (fo=32, routed)          0.687     2.061    n7
    SLICE_X47Y135        FDRE                                         r  the_FDRE_232/C
  -------------------------------------------------------------------    -------------------
    SLICE_X47Y135        FDRE (Prop_fdre_C_Q)         0.100     2.161 r  the_FDRE_232/Q
                         net (fo=4, routed)           0.146     2.307    n142
    SLICE_X47Y135        LUT4 (Prop_lut4_I0_O)        0.028     2.335 r  the_LUT4_230/O
                         net (fo=1, routed)           0.000     2.335    n143
    SLICE_X47Y135        FDRE                                         r  the_FDRE_232/D
  -------------------------------------------------------------------    -------------------

                         (clock sysclk rise edge)     0.000     0.000 r  
    E19                                               0.000     0.000 r  clk_p (IN)
                         net (fo=0)                   0.000     0.000    n4
    E19                  IBUFDS (Prop_ibufds_I_O)     0.518     0.518 r  the_IBUFDS_454/O
                         net (fo=1, routed)           0.981     1.499    n8
    BUFGCTRL_X0Y16       BUFG (Prop_bufg_I_O)         0.030     1.529 r  the_BUFG_456/O
                         net (fo=32, routed)          0.908     2.437    n7
    SLICE_X47Y135        FDRE                                         r  the_FDRE_232/C
                         clock pessimism             -0.376     2.061    
    SLICE_X47Y135        FDRE (Hold_fdre_C_D)         0.060     2.121    the_FDRE_232
  -------------------------------------------------------------------
                         required time                         -2.121    
                         arrival time                           2.335    
  -------------------------------------------------------------------
                         slack                                  0.214    

Slack (MET) :             0.221ns  (arrival time - required time)
  Source:                 the_FDRE_458/C
                            (rising edge-triggered cell FDRE clocked by sysclk  {rise@0.000ns fall@2.500ns period=5.000ns})
  Destination:            the_FDRE_458/D
                            (rising edge-triggered cell FDRE clocked by sysclk  {rise@0.000ns fall@2.500ns period=5.000ns})
  Path Group:             sysclk
  Path Type:              Hold (Min at Fast Process Corner)
  Requirement:            0.000ns  (sysclk rise@0.000ns - sysclk rise@0.000ns)
  Data Path Delay:        0.282ns  (logic 0.128ns (45.446%)  route 0.154ns (54.554%))
  Logic Levels:           1  (LUT4=1)
  Clock Path Skew:        0.000ns (DCD - SCD - CPR)
    Destination Clock Delay (DCD):    2.437ns
    Source Clock Delay      (SCD):    2.061ns
    Clock Pessimism Removal (CPR):    0.376ns

    Location             Delay type                Incr(ns)  Path(ns)    Netlist Resource(s)
  -------------------------------------------------------------------    -------------------
                         (clock sysclk rise edge)     0.000     0.000 r  
    E19                                               0.000     0.000 r  clk_p (IN)
                         net (fo=0)                   0.000     0.000    n4
    E19                  IBUFDS (Prop_ibufds_I_O)     0.436     0.436 r  the_IBUFDS_454/O
                         net (fo=1, routed)           0.912     1.348    n8
    BUFGCTRL_X0Y16       BUFG (Prop_bufg_I_O)         0.026     1.374 r  the_BUFG_456/O
                         net (fo=32, routed)          0.687     2.061    n7
    SLICE_X47Y135        FDRE                                         r  the_FDRE_458/C
  -------------------------------------------------------------------    -------------------
    SLICE_X47Y135        FDRE (Prop_fdre_C_Q)         0.100     2.161 r  the_FDRE_458/Q
                         net (fo=4, routed)           0.154     2.315    n6
    SLICE_X47Y135        LUT4 (Prop_lut4_I0_O)        0.028     2.343 r  the_LUT4_452/O
                         net (fo=1, routed)           0.000     2.343    n9
    SLICE_X47Y135        FDRE                                         r  the_FDRE_458/D
  -------------------------------------------------------------------    -------------------

                         (clock sysclk rise edge)     0.000     0.000 r  
    E19                                               0.000     0.000 r  clk_p (IN)
                         net (fo=0)                   0.000     0.000    n4
    E19                  IBUFDS (Prop_ibufds_I_O)     0.518     0.518 r  the_IBUFDS_454/O
                         net (fo=1, routed)           0.981     1.499    n8
    BUFGCTRL_X0Y16       BUFG (Prop_bufg_I_O)         0.030     1.529 r  the_BUFG_456/O
                         net (fo=32, routed)          0.908     2.437    n7
    SLICE_X47Y135        FDRE                                         r  the_FDRE_458/C
                         clock pessimism             -0.376     2.061    
    SLICE_X47Y135        FDRE (Hold_fdre_C_D)         0.061     2.122    the_FDRE_458
  -------------------------------------------------------------------
                         required time                         -2.122    
                         arrival time                           2.343    
  -------------------------------------------------------------------
                         slack                                  0.221    

Slack (MET) :             0.261ns  (arrival time - required time)
  Source:                 the_FDRE_242/C
                            (rising edge-triggered cell FDRE clocked by sysclk  {rise@0.000ns fall@2.500ns period=5.000ns})
  Destination:            the_FDRE_242/D
                            (rising edge-triggered cell FDRE clocked by sysclk  {rise@0.000ns fall@2.500ns period=5.000ns})
  Path Group:             sysclk
  Path Type:              Hold (Min at Fast Process Corner)
  Requirement:            0.000ns  (sysclk rise@0.000ns - sysclk rise@0.000ns)
  Data Path Delay:        0.322ns  (logic 0.128ns (39.736%)  route 0.194ns (60.264%))
  Logic Levels:           1  (LUT4=1)
  Clock Path Skew:        0.000ns (DCD - SCD - CPR)
    Destination Clock Delay (DCD):    2.437ns
    Source Clock Delay      (SCD):    2.061ns
    Clock Pessimism Removal (CPR):    0.376ns

    Location             Delay type                Incr(ns)  Path(ns)    Netlist Resource(s)
  -------------------------------------------------------------------    -------------------
                         (clock sysclk rise edge)     0.000     0.000 r  
    E19                                               0.000     0.000 r  clk_p (IN)
                         net (fo=0)                   0.000     0.000    n4
    E19                  IBUFDS (Prop_ibufds_I_O)     0.436     0.436 r  the_IBUFDS_454/O
                         net (fo=1, routed)           0.912     1.348    n8
    BUFGCTRL_X0Y16       BUFG (Prop_bufg_I_O)         0.026     1.374 r  the_BUFG_456/O
                         net (fo=32, routed)          0.687     2.061    n7
    SLICE_X47Y135        FDRE                                         r  the_FDRE_242/C
  -------------------------------------------------------------------    -------------------
    SLICE_X47Y135        FDRE (Prop_fdre_C_Q)         0.100     2.161 r  the_FDRE_242/Q
                         net (fo=4, routed)           0.194     2.355    n138
    SLICE_X47Y135        LUT4 (Prop_lut4_I0_O)        0.028     2.383 r  the_LUT4_240/O
                         net (fo=1, routed)           0.000     2.383    n139
    SLICE_X47Y135        FDRE                                         r  the_FDRE_242/D
  -------------------------------------------------------------------    -------------------

                         (clock sysclk rise edge)     0.000     0.000 r  
    E19                                               0.000     0.000 r  clk_p (IN)
                         net (fo=0)                   0.000     0.000    n4
    E19                  IBUFDS (Prop_ibufds_I_O)     0.518     0.518 r  the_IBUFDS_454/O
                         net (fo=1, routed)           0.981     1.499    n8
    BUFGCTRL_X0Y16       BUFG (Prop_bufg_I_O)         0.030     1.529 r  the_BUFG_456/O
                         net (fo=32, routed)          0.908     2.437    n7
    SLICE_X47Y135        FDRE                                         r  the_FDRE_242/C
                         clock pessimism             -0.376     2.061    
    SLICE_X47Y135        FDRE (Hold_fdre_C_D)         0.061     2.122    the_FDRE_242
  -------------------------------------------------------------------
                         required time                         -2.122    
                         arrival time                           2.383    
  -------------------------------------------------------------------
                         slack                                  0.261    





Pulse Width Checks
--------------------------------------------------------------------------------------
Clock Name:         sysclk
Waveform(ns):       { 0.000 2.500 }
Period(ns):         5.000
Sources:            { clk_p }

Check Type        Corner  Lib Pin  Reference Pin  Required(ns)  Actual(ns)  Slack(ns)  Location        Pin
Min Period        n/a     BUFG/I   n/a            1.409         5.000       3.592      BUFGCTRL_X0Y16  the_BUFG_456/I
Min Period        n/a     FDRE/C   n/a            0.700         5.000       4.300      SLICE_X47Y136   the_FDRE_196/C
Min Period        n/a     FDRE/C   n/a            0.700         5.000       4.300      SLICE_X47Y136   the_FDRE_201/C
Min Period        n/a     FDRE/C   n/a            0.700         5.000       4.300      SLICE_X47Y136   the_FDRE_206/C
Min Period        n/a     FDRE/C   n/a            0.700         5.000       4.300      SLICE_X47Y136   the_FDRE_218/C
Low Pulse Width   Fast    FDRE/C   n/a            0.350         2.500       2.150      SLICE_X44Y133   the_FDRE_315/C
Low Pulse Width   Fast    FDRE/C   n/a            0.350         2.500       2.150      SLICE_X44Y133   the_FDRE_320/C
Low Pulse Width   Fast    FDRE/C   n/a            0.350         2.500       2.150      SLICE_X44Y133   the_FDRE_325/C
Low Pulse Width   Fast    FDRE/C   n/a            0.350         2.500       2.150      SLICE_X44Y133   the_FDRE_330/C
Low Pulse Width   Fast    FDRE/C   n/a            0.350         2.500       2.150      SLICE_X47Y136   the_FDRE_196/C
High Pulse Width  Slow    FDRE/C   n/a            0.350         2.500       2.150      SLICE_X46Y134   the_FDRE_295/C
High Pulse Width  Slow    FDRE/C   n/a            0.350         2.500       2.150      SLICE_X44Y134   the_FDRE_300/C
High Pulse Width  Slow    FDRE/C   n/a            0.350         2.500       2.150      SLICE_X44Y134   the_FDRE_305/C
High Pulse Width  Slow    FDRE/C   n/a            0.350         2.500       2.150      SLICE_X44Y133   the_FDRE_315/C
High Pulse Width  Slow    FDRE/C   n/a            0.350         2.500       2.150      SLICE_X44Y133   the_FDRE_320/C



