Copyright 1986-2020 Xilinx, Inc. All Rights Reserved.
--------------------------------------------------------------------------------------
| Tool Version : Vivado v.2020.1.1 (lin64) Build 2960000 Wed Aug  5 22:57:21 MDT 2020
| Date         : Wed May 27 17:12:31 2026
| Host         : jonathan-nuc10i7fnk running 64-bit KDE neon Unstable Edition
| Command      : report_timing_summary -file timing.rpt -max_paths 5
| Design       : top
| Device       : 7vx485t-ffg1761
| Speed File   : -2  PRODUCTION 1.12 2014-09-11
--------------------------------------------------------------------------------------

Timing Summary Report

------------------------------------------------------------------------------------------------
| Timer Settings
| --------------
------------------------------------------------------------------------------------------------

  Enable Multi Corner Analysis               :  Yes
  Enable Pessimism Removal                   :  Yes
  Pessimism Removal Resolution               :  Nearest Common Node
  Enable Input Delay Default Clock           :  No
  Enable Preset / Clear Arcs                 :  No
  Disable Flight Delays                      :  No
  Ignore I/O Paths                           :  No
  Timing Early Launch at Borrowing Latches   :  No
  Borrow Time for Max Delay Exceptions       :  Yes
  Merge Timing Exceptions                    :  Yes

  Corner  Analyze    Analyze    
  Name    Max Paths  Min Paths  
  ------  ---------  ---------  
  Slow    Yes        Yes        
  Fast    Yes        Yes        



check_timing report

Table of Contents
-----------------
1. checking no_clock (0)
2. checking constant_clock (0)
3. checking pulse_width_clock (0)
4. checking unconstrained_internal_endpoints (0)
5. checking no_input_delay (1)
6. checking no_output_delay (8)
7. checking multiple_clock (0)
8. checking generated_clocks (0)
9. checking loops (0)
10. checking partial_input_delay (0)
11. checking partial_output_delay (0)
12. checking latch_loops (0)

1. checking no_clock (0)
------------------------
 There are 0 register/latch pins with no clock.


2. checking constant_clock (0)
------------------------------
 There are 0 register/latch pins with constant_clock.


3. checking pulse_width_clock (0)
---------------------------------
 There are 0 register/latch pins which need pulse_width check


4. checking unconstrained_internal_endpoints (0)
------------------------------------------------
 There are 0 pins that are not constrained for maximum delay.

 There are 0 pins that are not constrained for maximum delay due to constant clock.


5. checking no_input_delay (1)
------------------------------
 There is 1 input port with no input delay specified. (HIGH)

 There are 0 input ports with no input delay but user has a false path constraint.


6. checking no_output_delay (8)
-------------------------------
 There are 8 ports with no output delay specified. (HIGH)

 There are 0 ports with no output delay but user has a false path constraint

 There are 0 ports with no output delay but with a timing clock defined on it or propagating through it


7. checking multiple_clock (0)
------------------------------
 There are 0 register/latch pins with multiple clocks.


8. checking generated_clocks (0)
--------------------------------
 There are 0 generated clocks that are not connected to a clock source.


9. checking loops (0)
---------------------
 There are 0 combinational loops in the design.


10. checking partial_input_delay (0)
------------------------------------
 There are 0 input ports with partial input delay specified.


11. checking partial_output_delay (0)
-------------------------------------
 There are 0 ports with partial output delay specified.


12. checking latch_loops (0)
----------------------------
 There are 0 combinational latch loops in the design through latch input



------------------------------------------------------------------------------------------------
| Design Timing Summary
| ---------------------
------------------------------------------------------------------------------------------------

    WNS(ns)      TNS(ns)  TNS Failing Endpoints  TNS Total Endpoints      WHS(ns)      THS(ns)  THS Failing Endpoints  THS Total Endpoints     WPWS(ns)     TPWS(ns)  TPWS Failing Endpoints  TPWS Total Endpoints  
    -------      -------  ---------------------  -------------------      -------      -------  ---------------------  -------------------     --------     --------  ----------------------  --------------------  
      2.714        0.000                      0                   40        0.173        0.000                      0                   40        2.100        0.000                       0                    33  


All user specified timing constraints are met.


------------------------------------------------------------------------------------------------
| Clock Summary
| -------------
------------------------------------------------------------------------------------------------

Clock   Waveform(ns)         Period(ns)      Frequency(MHz)
-----   ------------         ----------      --------------
sysclk  {0.000 2.500}        5.000           200.000         


------------------------------------------------------------------------------------------------
| Intra Clock Table
| -----------------
------------------------------------------------------------------------------------------------

Clock             WNS(ns)      TNS(ns)  TNS Failing Endpoints  TNS Total Endpoints      WHS(ns)      THS(ns)  THS Failing Endpoints  THS Total Endpoints     WPWS(ns)     TPWS(ns)  TPWS Failing Endpoints  TPWS Total Endpoints  
-----             -------      -------  ---------------------  -------------------      -------      -------  ---------------------  -------------------     --------     --------  ----------------------  --------------------  
sysclk              2.714        0.000                      0                   40        0.173        0.000                      0                   40        2.100        0.000                       0                    33  


------------------------------------------------------------------------------------------------
| Inter Clock Table
| -----------------
------------------------------------------------------------------------------------------------

From Clock    To Clock          WNS(ns)      TNS(ns)  TNS Failing Endpoints  TNS Total Endpoints      WHS(ns)      THS(ns)  THS Failing Endpoints  THS Total Endpoints  
----------    --------          -------      -------  ---------------------  -------------------      -------      -------  ---------------------  -------------------  


------------------------------------------------------------------------------------------------
| Other Path Groups Table
| -----------------------
------------------------------------------------------------------------------------------------

Path Group    From Clock    To Clock          WNS(ns)      TNS(ns)  TNS Failing Endpoints  TNS Total Endpoints      WHS(ns)      THS(ns)  THS Failing Endpoints  THS Total Endpoints  
----------    ----------    --------          -------      -------  ---------------------  -------------------      -------      -------  ---------------------  -------------------  


------------------------------------------------------------------------------------------------
| Timing Details
| --------------
------------------------------------------------------------------------------------------------


---------------------------------------------------------------------------------------------------
From Clock:  sysclk
  To Clock:  sysclk

Setup :            0  Failing Endpoints,  Worst Slack        2.714ns,  Total Violation        0.000ns
Hold  :            0  Failing Endpoints,  Worst Slack        0.173ns,  Total Violation        0.000ns
PW    :            0  Failing Endpoints,  Worst Slack        2.100ns,  Total Violation        0.000ns
---------------------------------------------------------------------------------------------------


Max Delay Paths
--------------------------------------------------------------------------------------
Slack (MET) :             2.714ns  (required time - arrival time)
  Source:                 prescaler_reg[12]/C
                            (rising edge-triggered cell FDRE clocked by sysclk  {rise@0.000ns fall@2.500ns period=5.000ns})
  Destination:            count_reg[6]/CE
                            (rising edge-triggered cell FDRE clocked by sysclk  {rise@0.000ns fall@2.500ns period=5.000ns})
  Path Group:             sysclk
  Path Type:              Setup (Max at Slow Process Corner)
  Requirement:            5.000ns  (sysclk rise@5.000ns - sysclk rise@0.000ns)
  Data Path Delay:        2.024ns  (logic 0.345ns (17.043%)  route 1.679ns (82.957%))
  Logic Levels:           2  (LUT4=1 LUT6=1)
  Clock Path Skew:        -0.025ns (DCD - SCD + CPR)
    Destination Clock Delay (DCD):    4.073ns = ( 9.073 - 5.000 ) 
    Source Clock Delay      (SCD):    4.455ns
    Clock Pessimism Removal (CPR):    0.357ns
  Clock Uncertainty:      0.035ns  ((TSJ^2 + TIJ^2)^1/2 + DJ) / 2 + PE
    Total System Jitter     (TSJ):    0.071ns
    Total Input Jitter      (TIJ):    0.000ns
    Discrete Jitter          (DJ):    0.000ns
    Phase Error              (PE):    0.000ns

    Location             Delay type                Incr(ns)  Path(ns)    Netlist Resource(s)
  -------------------------------------------------------------------    -------------------
                         (clock sysclk rise edge)     0.000     0.000 r  
    E19                                               0.000     0.000 r  clk_p (IN)
                         net (fo=0)                   0.000     0.000    clk_p
    E19                  IBUFDS (Prop_ibufds_I_O)     0.954     0.954 r  sysclk_ibufds/O
                         net (fo=1, routed)           1.866     2.820    clk_ibuf
    BUFGCTRL_X0Y16       BUFG (Prop_bufg_I_O)         0.093     2.913 r  sysclk_bufg/O
                         net (fo=32, routed)          1.542     4.455    clk
    SLICE_X46Y135        FDRE                                         r  prescaler_reg[12]/C
  -------------------------------------------------------------------    -------------------
    SLICE_X46Y135        FDRE (Prop_fdre_C_Q)         0.259     4.714 f  prescaler_reg[12]/Q
                         net (fo=2, routed)           1.072     5.786    prescaler_reg[12]
    SLICE_X47Y135        LUT6 (Prop_lut6_I1_O)        0.043     5.829 f  count[7]_i_3/O
                         net (fo=1, routed)           0.236     6.065    count[7]_i_3_n_0
    SLICE_X47Y135        LUT4 (Prop_lut4_I0_O)        0.043     6.108 r  count[7]_i_1/O
                         net (fo=8, routed)           0.371     6.479    sel
    SLICE_X47Y133        FDRE                                         r  count_reg[6]/CE
  -------------------------------------------------------------------    -------------------

                         (clock sysclk rise edge)     5.000     5.000 r  
    E19                                               0.000     5.000 r  clk_p (IN)
                         net (fo=0)                   0.000     5.000    clk_p
    E19                  IBUFDS (Prop_ibufds_I_O)     0.851     5.851 r  sysclk_ibufds/O
                         net (fo=1, routed)           1.734     7.585    clk_ibuf
    BUFGCTRL_X0Y16       BUFG (Prop_bufg_I_O)         0.083     7.668 r  sysclk_bufg/O
                         net (fo=32, routed)          1.405     9.073    clk
    SLICE_X47Y133        FDRE                                         r  count_reg[6]/C
                         clock pessimism              0.357     9.430    
                         clock uncertainty           -0.035     9.394    
    SLICE_X47Y133        FDRE (Setup_fdre_C_CE)      -0.201     9.193    count_reg[6]
  -------------------------------------------------------------------
                         required time                          9.193    
                         arrival time                          -6.479    
  -------------------------------------------------------------------
                         slack                                  2.714    

Slack (MET) :             2.714ns  (required time - arrival time)
  Source:                 prescaler_reg[12]/C
                            (rising edge-triggered cell FDRE clocked by sysclk  {rise@0.000ns fall@2.500ns period=5.000ns})
  Destination:            count_reg[7]/CE
                            (rising edge-triggered cell FDRE clocked by sysclk  {rise@0.000ns fall@2.500ns period=5.000ns})
  Path Group:             sysclk
  Path Type:              Setup (Max at Slow Process Corner)
  Requirement:            5.000ns  (sysclk rise@5.000ns - sysclk rise@0.000ns)
  Data Path Delay:        2.024ns  (logic 0.345ns (17.043%)  route 1.679ns (82.957%))
  Logic Levels:           2  (LUT4=1 LUT6=1)
  Clock Path Skew:        -0.025ns (DCD - SCD + CPR)
    Destination Clock Delay (DCD):    4.073ns = ( 9.073 - 5.000 ) 
    Source Clock Delay      (SCD):    4.455ns
    Clock Pessimism Removal (CPR):    0.357ns
  Clock Uncertainty:      0.035ns  ((TSJ^2 + TIJ^2)^1/2 + DJ) / 2 + PE
    Total System Jitter     (TSJ):    0.071ns
    Total Input Jitter      (TIJ):    0.000ns
    Discrete Jitter          (DJ):    0.000ns
    Phase Error              (PE):    0.000ns

    Location             Delay type                Incr(ns)  Path(ns)    Netlist Resource(s)
  -------------------------------------------------------------------    -------------------
                         (clock sysclk rise edge)     0.000     0.000 r  
    E19                                               0.000     0.000 r  clk_p (IN)
                         net (fo=0)                   0.000     0.000    clk_p
    E19                  IBUFDS (Prop_ibufds_I_O)     0.954     0.954 r  sysclk_ibufds/O
                         net (fo=1, routed)           1.866     2.820    clk_ibuf
    BUFGCTRL_X0Y16       BUFG (Prop_bufg_I_O)         0.093     2.913 r  sysclk_bufg/O
                         net (fo=32, routed)          1.542     4.455    clk
    SLICE_X46Y135        FDRE                                         r  prescaler_reg[12]/C
  -------------------------------------------------------------------    -------------------
    SLICE_X46Y135        FDRE (Prop_fdre_C_Q)         0.259     4.714 f  prescaler_reg[12]/Q
                         net (fo=2, routed)           1.072     5.786    prescaler_reg[12]
    SLICE_X47Y135        LUT6 (Prop_lut6_I1_O)        0.043     5.829 f  count[7]_i_3/O
                         net (fo=1, routed)           0.236     6.065    count[7]_i_3_n_0
    SLICE_X47Y135        LUT4 (Prop_lut4_I0_O)        0.043     6.108 r  count[7]_i_1/O
                         net (fo=8, routed)           0.371     6.479    sel
    SLICE_X47Y133        FDRE                                         r  count_reg[7]/CE
  -------------------------------------------------------------------    -------------------

                         (clock sysclk rise edge)     5.000     5.000 r  
    E19                                               0.000     5.000 r  clk_p (IN)
                         net (fo=0)                   0.000     5.000    clk_p
    E19                  IBUFDS (Prop_ibufds_I_O)     0.851     5.851 r  sysclk_ibufds/O
                         net (fo=1, routed)           1.734     7.585    clk_ibuf
    BUFGCTRL_X0Y16       BUFG (Prop_bufg_I_O)         0.083     7.668 r  sysclk_bufg/O
                         net (fo=32, routed)          1.405     9.073    clk
    SLICE_X47Y133        FDRE                                         r  count_reg[7]/C
                         clock pessimism              0.357     9.430    
                         clock uncertainty           -0.035     9.394    
    SLICE_X47Y133        FDRE (Setup_fdre_C_CE)      -0.201     9.193    count_reg[7]
  -------------------------------------------------------------------
                         required time                          9.193    
                         arrival time                          -6.479    
  -------------------------------------------------------------------
                         slack                                  2.714    

Slack (MET) :             2.798ns  (required time - arrival time)
  Source:                 prescaler_reg[12]/C
                            (rising edge-triggered cell FDRE clocked by sysclk  {rise@0.000ns fall@2.500ns period=5.000ns})
  Destination:            count_reg[3]/CE
                            (rising edge-triggered cell FDRE clocked by sysclk  {rise@0.000ns fall@2.500ns period=5.000ns})
  Path Group:             sysclk
  Path Type:              Setup (Max at Slow Process Corner)
  Requirement:            5.000ns  (sysclk rise@5.000ns - sysclk rise@0.000ns)
  Data Path Delay:        1.942ns  (logic 0.345ns (17.765%)  route 1.597ns (82.235%))
  Logic Levels:           2  (LUT4=1 LUT6=1)
  Clock Path Skew:        -0.024ns (DCD - SCD + CPR)
    Destination Clock Delay (DCD):    4.074ns = ( 9.074 - 5.000 ) 
    Source Clock Delay      (SCD):    4.455ns
    Clock Pessimism Removal (CPR):    0.357ns
  Clock Uncertainty:      0.035ns  ((TSJ^2 + TIJ^2)^1/2 + DJ) / 2 + PE
    Total System Jitter     (TSJ):    0.071ns
    Total Input Jitter      (TIJ):    0.000ns
    Discrete Jitter          (DJ):    0.000ns
    Phase Error              (PE):    0.000ns

    Location             Delay type                Incr(ns)  Path(ns)    Netlist Resource(s)
  -------------------------------------------------------------------    -------------------
                         (clock sysclk rise edge)     0.000     0.000 r  
    E19                                               0.000     0.000 r  clk_p (IN)
                         net (fo=0)                   0.000     0.000    clk_p
    E19                  IBUFDS (Prop_ibufds_I_O)     0.954     0.954 r  sysclk_ibufds/O
                         net (fo=1, routed)           1.866     2.820    clk_ibuf
    BUFGCTRL_X0Y16       BUFG (Prop_bufg_I_O)         0.093     2.913 r  sysclk_bufg/O
                         net (fo=32, routed)          1.542     4.455    clk
    SLICE_X46Y135        FDRE                                         r  prescaler_reg[12]/C
  -------------------------------------------------------------------    -------------------
    SLICE_X46Y135        FDRE (Prop_fdre_C_Q)         0.259     4.714 f  prescaler_reg[12]/Q
                         net (fo=2, routed)           1.072     5.786    prescaler_reg[12]
    SLICE_X47Y135        LUT6 (Prop_lut6_I1_O)        0.043     5.829 f  count[7]_i_3/O
                         net (fo=1, routed)           0.236     6.065    count[7]_i_3_n_0
    SLICE_X47Y135        LUT4 (Prop_lut4_I0_O)        0.043     6.108 r  count[7]_i_1/O
                         net (fo=8, routed)           0.289     6.397    sel
    SLICE_X47Y134        FDRE                                         r  count_reg[3]/CE
  -------------------------------------------------------------------    -------------------

                         (clock sysclk rise edge)     5.000     5.000 r  
    E19                                               0.000     5.000 r  clk_p (IN)
                         net (fo=0)                   0.000     5.000    clk_p
    E19                  IBUFDS (Prop_ibufds_I_O)     0.851     5.851 r  sysclk_ibufds/O
                         net (fo=1, routed)           1.734     7.585    clk_ibuf
    BUFGCTRL_X0Y16       BUFG (Prop_bufg_I_O)         0.083     7.668 r  sysclk_bufg/O
                         net (fo=32, routed)          1.406     9.074    clk
    SLICE_X47Y134        FDRE                                         r  count_reg[3]/C
                         clock pessimism              0.357     9.431    
                         clock uncertainty           -0.035     9.395    
    SLICE_X47Y134        FDRE (Setup_fdre_C_CE)      -0.201     9.194    count_reg[3]
  -------------------------------------------------------------------
                         required time                          9.194    
                         arrival time                          -6.397    
  -------------------------------------------------------------------
                         slack                                  2.798    

Slack (MET) :             2.798ns  (required time - arrival time)
  Source:                 prescaler_reg[12]/C
                            (rising edge-triggered cell FDRE clocked by sysclk  {rise@0.000ns fall@2.500ns period=5.000ns})
  Destination:            count_reg[4]/CE
                            (rising edge-triggered cell FDRE clocked by sysclk  {rise@0.000ns fall@2.500ns period=5.000ns})
  Path Group:             sysclk
  Path Type:              Setup (Max at Slow Process Corner)
  Requirement:            5.000ns  (sysclk rise@5.000ns - sysclk rise@0.000ns)
  Data Path Delay:        1.942ns  (logic 0.345ns (17.765%)  route 1.597ns (82.235%))
  Logic Levels:           2  (LUT4=1 LUT6=1)
  Clock Path Skew:        -0.024ns (DCD - SCD + CPR)
    Destination Clock Delay (DCD):    4.074ns = ( 9.074 - 5.000 ) 
    Source Clock Delay      (SCD):    4.455ns
    Clock Pessimism Removal (CPR):    0.357ns
  Clock Uncertainty:      0.035ns  ((TSJ^2 + TIJ^2)^1/2 + DJ) / 2 + PE
    Total System Jitter     (TSJ):    0.071ns
    Total Input Jitter      (TIJ):    0.000ns
    Discrete Jitter          (DJ):    0.000ns
    Phase Error              (PE):    0.000ns

    Location             Delay type                Incr(ns)  Path(ns)    Netlist Resource(s)
  -------------------------------------------------------------------    -------------------
                         (clock sysclk rise edge)     0.000     0.000 r  
    E19                                               0.000     0.000 r  clk_p (IN)
                         net (fo=0)                   0.000     0.000    clk_p
    E19                  IBUFDS (Prop_ibufds_I_O)     0.954     0.954 r  sysclk_ibufds/O
                         net (fo=1, routed)           1.866     2.820    clk_ibuf
    BUFGCTRL_X0Y16       BUFG (Prop_bufg_I_O)         0.093     2.913 r  sysclk_bufg/O
                         net (fo=32, routed)          1.542     4.455    clk
    SLICE_X46Y135        FDRE                                         r  prescaler_reg[12]/C
  -------------------------------------------------------------------    -------------------
    SLICE_X46Y135        FDRE (Prop_fdre_C_Q)         0.259     4.714 f  prescaler_reg[12]/Q
                         net (fo=2, routed)           1.072     5.786    prescaler_reg[12]
    SLICE_X47Y135        LUT6 (Prop_lut6_I1_O)        0.043     5.829 f  count[7]_i_3/O
                         net (fo=1, routed)           0.236     6.065    count[7]_i_3_n_0
    SLICE_X47Y135        LUT4 (Prop_lut4_I0_O)        0.043     6.108 r  count[7]_i_1/O
                         net (fo=8, routed)           0.289     6.397    sel
    SLICE_X47Y134        FDRE                                         r  count_reg[4]/CE
  -------------------------------------------------------------------    -------------------

                         (clock sysclk rise edge)     5.000     5.000 r  
    E19                                               0.000     5.000 r  clk_p (IN)
                         net (fo=0)                   0.000     5.000    clk_p
    E19                  IBUFDS (Prop_ibufds_I_O)     0.851     5.851 r  sysclk_ibufds/O
                         net (fo=1, routed)           1.734     7.585    clk_ibuf
    BUFGCTRL_X0Y16       BUFG (Prop_bufg_I_O)         0.083     7.668 r  sysclk_bufg/O
                         net (fo=32, routed)          1.406     9.074    clk
    SLICE_X47Y134        FDRE                                         r  count_reg[4]/C
                         clock pessimism              0.357     9.431    
                         clock uncertainty           -0.035     9.395    
    SLICE_X47Y134        FDRE (Setup_fdre_C_CE)      -0.201     9.194    count_reg[4]
  -------------------------------------------------------------------
                         required time                          9.194    
                         arrival time                          -6.397    
  -------------------------------------------------------------------
                         slack                                  2.798    

Slack (MET) :             2.798ns  (required time - arrival time)
  Source:                 prescaler_reg[12]/C
                            (rising edge-triggered cell FDRE clocked by sysclk  {rise@0.000ns fall@2.500ns period=5.000ns})
  Destination:            count_reg[5]/CE
                            (rising edge-triggered cell FDRE clocked by sysclk  {rise@0.000ns fall@2.500ns period=5.000ns})
  Path Group:             sysclk
  Path Type:              Setup (Max at Slow Process Corner)
  Requirement:            5.000ns  (sysclk rise@5.000ns - sysclk rise@0.000ns)
  Data Path Delay:        1.942ns  (logic 0.345ns (17.765%)  route 1.597ns (82.235%))
  Logic Levels:           2  (LUT4=1 LUT6=1)
  Clock Path Skew:        -0.024ns (DCD - SCD + CPR)
    Destination Clock Delay (DCD):    4.074ns = ( 9.074 - 5.000 ) 
    Source Clock Delay      (SCD):    4.455ns
    Clock Pessimism Removal (CPR):    0.357ns
  Clock Uncertainty:      0.035ns  ((TSJ^2 + TIJ^2)^1/2 + DJ) / 2 + PE
    Total System Jitter     (TSJ):    0.071ns
    Total Input Jitter      (TIJ):    0.000ns
    Discrete Jitter          (DJ):    0.000ns
    Phase Error              (PE):    0.000ns

    Location             Delay type                Incr(ns)  Path(ns)    Netlist Resource(s)
  -------------------------------------------------------------------    -------------------
                         (clock sysclk rise edge)     0.000     0.000 r  
    E19                                               0.000     0.000 r  clk_p (IN)
                         net (fo=0)                   0.000     0.000    clk_p
    E19                  IBUFDS (Prop_ibufds_I_O)     0.954     0.954 r  sysclk_ibufds/O
                         net (fo=1, routed)           1.866     2.820    clk_ibuf
    BUFGCTRL_X0Y16       BUFG (Prop_bufg_I_O)         0.093     2.913 r  sysclk_bufg/O
                         net (fo=32, routed)          1.542     4.455    clk
    SLICE_X46Y135        FDRE                                         r  prescaler_reg[12]/C
  -------------------------------------------------------------------    -------------------
    SLICE_X46Y135        FDRE (Prop_fdre_C_Q)         0.259     4.714 f  prescaler_reg[12]/Q
                         net (fo=2, routed)           1.072     5.786    prescaler_reg[12]
    SLICE_X47Y135        LUT6 (Prop_lut6_I1_O)        0.043     5.829 f  count[7]_i_3/O
                         net (fo=1, routed)           0.236     6.065    count[7]_i_3_n_0
    SLICE_X47Y135        LUT4 (Prop_lut4_I0_O)        0.043     6.108 r  count[7]_i_1/O
                         net (fo=8, routed)           0.289     6.397    sel
    SLICE_X47Y134        FDRE                                         r  count_reg[5]/CE
  -------------------------------------------------------------------    -------------------

                         (clock sysclk rise edge)     5.000     5.000 r  
    E19                                               0.000     5.000 r  clk_p (IN)
                         net (fo=0)                   0.000     5.000    clk_p
    E19                  IBUFDS (Prop_ibufds_I_O)     0.851     5.851 r  sysclk_ibufds/O
                         net (fo=1, routed)           1.734     7.585    clk_ibuf
    BUFGCTRL_X0Y16       BUFG (Prop_bufg_I_O)         0.083     7.668 r  sysclk_bufg/O
                         net (fo=32, routed)          1.406     9.074    clk
    SLICE_X47Y134        FDRE                                         r  count_reg[5]/C
                         clock pessimism              0.357     9.431    
                         clock uncertainty           -0.035     9.395    
    SLICE_X47Y134        FDRE (Setup_fdre_C_CE)      -0.201     9.194    count_reg[5]
  -------------------------------------------------------------------
                         required time                          9.194    
                         arrival time                          -6.397    
  -------------------------------------------------------------------
                         slack                                  2.798    





Min Delay Paths
--------------------------------------------------------------------------------------
Slack (MET) :             0.173ns  (arrival time - required time)
  Source:                 count_reg[4]/C
                            (rising edge-triggered cell FDRE clocked by sysclk  {rise@0.000ns fall@2.500ns period=5.000ns})
  Destination:            count_reg[5]/D
                            (rising edge-triggered cell FDRE clocked by sysclk  {rise@0.000ns fall@2.500ns period=5.000ns})
  Path Group:             sysclk
  Path Type:              Hold (Min at Fast Process Corner)
  Requirement:            0.000ns  (sysclk rise@0.000ns - sysclk rise@0.000ns)
  Data Path Delay:        0.233ns  (logic 0.157ns (67.450%)  route 0.076ns (32.550%))
  Logic Levels:           1  (LUT6=1)
  Clock Path Skew:        0.000ns (DCD - SCD - CPR)
    Destination Clock Delay (DCD):    2.436ns
    Source Clock Delay      (SCD):    2.061ns
    Clock Pessimism Removal (CPR):    0.375ns

    Location             Delay type                Incr(ns)  Path(ns)    Netlist Resource(s)
  -------------------------------------------------------------------    -------------------
                         (clock sysclk rise edge)     0.000     0.000 r  
    E19                                               0.000     0.000 r  clk_p (IN)
                         net (fo=0)                   0.000     0.000    clk_p
    E19                  IBUFDS (Prop_ibufds_I_O)     0.436     0.436 r  sysclk_ibufds/O
                         net (fo=1, routed)           0.912     1.348    clk_ibuf
    BUFGCTRL_X0Y16       BUFG (Prop_bufg_I_O)         0.026     1.374 r  sysclk_bufg/O
                         net (fo=32, routed)          0.687     2.061    clk
    SLICE_X47Y134        FDRE                                         r  count_reg[4]/C
  -------------------------------------------------------------------    -------------------
    SLICE_X47Y134        FDRE (Prop_fdre_C_Q)         0.091     2.152 r  count_reg[4]/Q
                         net (fo=4, routed)           0.076     2.228    led_OBUF[4]
    SLICE_X47Y134        LUT6 (Prop_lut6_I4_O)        0.066     2.294 r  count[5]_i_1/O
                         net (fo=1, routed)           0.000     2.294    p_0_in[5]
    SLICE_X47Y134        FDRE                                         r  count_reg[5]/D
  -------------------------------------------------------------------    -------------------

                         (clock sysclk rise edge)     0.000     0.000 r  
    E19                                               0.000     0.000 r  clk_p (IN)
                         net (fo=0)                   0.000     0.000    clk_p
    E19                  IBUFDS (Prop_ibufds_I_O)     0.518     0.518 r  sysclk_ibufds/O
                         net (fo=1, routed)           0.981     1.499    clk_ibuf
    BUFGCTRL_X0Y16       BUFG (Prop_bufg_I_O)         0.030     1.529 r  sysclk_bufg/O
                         net (fo=32, routed)          0.907     2.436    clk
    SLICE_X47Y134        FDRE                                         r  count_reg[5]/C
                         clock pessimism             -0.375     2.061    
    SLICE_X47Y134        FDRE (Hold_fdre_C_D)         0.060     2.121    count_reg[5]
  -------------------------------------------------------------------
                         required time                         -2.121    
                         arrival time                           2.294    
  -------------------------------------------------------------------
                         slack                                  0.173    

Slack (MET) :             0.187ns  (arrival time - required time)
  Source:                 count_reg[1]/C
                            (rising edge-triggered cell FDRE clocked by sysclk  {rise@0.000ns fall@2.500ns period=5.000ns})
  Destination:            count_reg[4]/D
                            (rising edge-triggered cell FDRE clocked by sysclk  {rise@0.000ns fall@2.500ns period=5.000ns})
  Path Group:             sysclk
  Path Type:              Hold (Min at Fast Process Corner)
  Requirement:            0.000ns  (sysclk rise@0.000ns - sysclk rise@0.000ns)
  Data Path Delay:        0.274ns  (logic 0.130ns (47.501%)  route 0.144ns (52.499%))
  Logic Levels:           1  (LUT5=1)
  Clock Path Skew:        0.012ns (DCD - SCD - CPR)
    Destination Clock Delay (DCD):    2.436ns
    Source Clock Delay      (SCD):    2.061ns
    Clock Pessimism Removal (CPR):    0.363ns

    Location             Delay type                Incr(ns)  Path(ns)    Netlist Resource(s)
  -------------------------------------------------------------------    -------------------
                         (clock sysclk rise edge)     0.000     0.000 r  
    E19                                               0.000     0.000 r  clk_p (IN)
                         net (fo=0)                   0.000     0.000    clk_p
    E19                  IBUFDS (Prop_ibufds_I_O)     0.436     0.436 r  sysclk_ibufds/O
                         net (fo=1, routed)           0.912     1.348    clk_ibuf
    BUFGCTRL_X0Y16       BUFG (Prop_bufg_I_O)         0.026     1.374 r  sysclk_bufg/O
                         net (fo=32, routed)          0.687     2.061    clk
    SLICE_X47Y135        FDRE                                         r  count_reg[1]/C
  -------------------------------------------------------------------    -------------------
    SLICE_X47Y135        FDRE (Prop_fdre_C_Q)         0.100     2.161 r  count_reg[1]/Q
                         net (fo=7, routed)           0.144     2.305    led_OBUF[1]
    SLICE_X47Y134        LUT5 (Prop_lut5_I2_O)        0.030     2.335 r  count[4]_i_1/O
                         net (fo=1, routed)           0.000     2.335    p_0_in[4]
    SLICE_X47Y134        FDRE                                         r  count_reg[4]/D
  -------------------------------------------------------------------    -------------------

                         (clock sysclk rise edge)     0.000     0.000 r  
    E19                                               0.000     0.000 r  clk_p (IN)
                         net (fo=0)                   0.000     0.000    clk_p
    E19                  IBUFDS (Prop_ibufds_I_O)     0.518     0.518 r  sysclk_ibufds/O
                         net (fo=1, routed)           0.981     1.499    clk_ibuf
    BUFGCTRL_X0Y16       BUFG (Prop_bufg_I_O)         0.030     1.529 r  sysclk_bufg/O
                         net (fo=32, routed)          0.907     2.436    clk
    SLICE_X47Y134        FDRE                                         r  count_reg[4]/C
                         clock pessimism             -0.363     2.073    
    SLICE_X47Y134        FDRE (Hold_fdre_C_D)         0.075     2.148    count_reg[4]
  -------------------------------------------------------------------
                         required time                         -2.148    
                         arrival time                           2.335    
  -------------------------------------------------------------------
                         slack                                  0.187    

Slack (MET) :             0.190ns  (arrival time - required time)
  Source:                 count_reg[6]/C
                            (rising edge-triggered cell FDRE clocked by sysclk  {rise@0.000ns fall@2.500ns period=5.000ns})
  Destination:            count_reg[7]/D
                            (rising edge-triggered cell FDRE clocked by sysclk  {rise@0.000ns fall@2.500ns period=5.000ns})
  Path Group:             sysclk
  Path Type:              Hold (Min at Fast Process Corner)
  Requirement:            0.000ns  (sysclk rise@0.000ns - sysclk rise@0.000ns)
  Data Path Delay:        0.265ns  (logic 0.129ns (48.655%)  route 0.136ns (51.345%))
  Logic Levels:           1  (LUT3=1)
  Clock Path Skew:        0.000ns (DCD - SCD - CPR)
    Destination Clock Delay (DCD):    2.435ns
    Source Clock Delay      (SCD):    2.060ns
    Clock Pessimism Removal (CPR):    0.375ns

    Location             Delay type                Incr(ns)  Path(ns)    Netlist Resource(s)
  -------------------------------------------------------------------    -------------------
                         (clock sysclk rise edge)     0.000     0.000 r  
    E19                                               0.000     0.000 r  clk_p (IN)
                         net (fo=0)                   0.000     0.000    clk_p
    E19                  IBUFDS (Prop_ibufds_I_O)     0.436     0.436 r  sysclk_ibufds/O
                         net (fo=1, routed)           0.912     1.348    clk_ibuf
    BUFGCTRL_X0Y16       BUFG (Prop_bufg_I_O)         0.026     1.374 r  sysclk_bufg/O
                         net (fo=32, routed)          0.686     2.060    clk
    SLICE_X47Y133        FDRE                                         r  count_reg[6]/C
  -------------------------------------------------------------------    -------------------
    SLICE_X47Y133        FDRE (Prop_fdre_C_Q)         0.100     2.160 r  count_reg[6]/Q
                         net (fo=3, routed)           0.136     2.296    led_OBUF[6]
    SLICE_X47Y133        LUT3 (Prop_lut3_I1_O)        0.029     2.325 r  count[7]_i_2/O
                         net (fo=1, routed)           0.000     2.325    p_0_in[7]
    SLICE_X47Y133        FDRE                                         r  count_reg[7]/D
  -------------------------------------------------------------------    -------------------

                         (clock sysclk rise edge)     0.000     0.000 r  
    E19                                               0.000     0.000 r  clk_p (IN)
                         net (fo=0)                   0.000     0.000    clk_p
    E19                  IBUFDS (Prop_ibufds_I_O)     0.518     0.518 r  sysclk_ibufds/O
                         net (fo=1, routed)           0.981     1.499    clk_ibuf
    BUFGCTRL_X0Y16       BUFG (Prop_bufg_I_O)         0.030     1.529 r  sysclk_bufg/O
                         net (fo=32, routed)          0.906     2.435    clk
    SLICE_X47Y133        FDRE                                         r  count_reg[7]/C
                         clock pessimism             -0.375     2.060    
    SLICE_X47Y133        FDRE (Hold_fdre_C_D)         0.075     2.135    count_reg[7]
  -------------------------------------------------------------------
                         required time                         -2.135    
                         arrival time                           2.325    
  -------------------------------------------------------------------
                         slack                                  0.190    

Slack (MET) :             0.197ns  (arrival time - required time)
  Source:                 count_reg[1]/C
                            (rising edge-triggered cell FDRE clocked by sysclk  {rise@0.000ns fall@2.500ns period=5.000ns})
  Destination:            count_reg[2]/D
                            (rising edge-triggered cell FDRE clocked by sysclk  {rise@0.000ns fall@2.500ns period=5.000ns})
  Path Group:             sysclk
  Path Type:              Hold (Min at Fast Process Corner)
  Requirement:            0.000ns  (sysclk rise@0.000ns - sysclk rise@0.000ns)
  Data Path Delay:        0.272ns  (logic 0.129ns (47.352%)  route 0.143ns (52.648%))
  Logic Levels:           1  (LUT3=1)
  Clock Path Skew:        0.000ns (DCD - SCD - CPR)
    Destination Clock Delay (DCD):    2.437ns
    Source Clock Delay      (SCD):    2.061ns
    Clock Pessimism Removal (CPR):    0.376ns

    Location             Delay type                Incr(ns)  Path(ns)    Netlist Resource(s)
  -------------------------------------------------------------------    -------------------
                         (clock sysclk rise edge)     0.000     0.000 r  
    E19                                               0.000     0.000 r  clk_p (IN)
                         net (fo=0)                   0.000     0.000    clk_p
    E19                  IBUFDS (Prop_ibufds_I_O)     0.436     0.436 r  sysclk_ibufds/O
                         net (fo=1, routed)           0.912     1.348    clk_ibuf
    BUFGCTRL_X0Y16       BUFG (Prop_bufg_I_O)         0.026     1.374 r  sysclk_bufg/O
                         net (fo=32, routed)          0.687     2.061    clk
    SLICE_X47Y135        FDRE                                         r  count_reg[1]/C
  -------------------------------------------------------------------    -------------------
    SLICE_X47Y135        FDRE (Prop_fdre_C_Q)         0.100     2.161 r  count_reg[1]/Q
                         net (fo=7, routed)           0.143     2.304    led_OBUF[1]
    SLICE_X47Y135        LUT3 (Prop_lut3_I1_O)        0.029     2.333 r  count[2]_i_1/O
                         net (fo=1, routed)           0.000     2.333    p_0_in[2]
    SLICE_X47Y135        FDRE                                         r  count_reg[2]/D
  -------------------------------------------------------------------    -------------------

                         (clock sysclk rise edge)     0.000     0.000 r  
    E19                                               0.000     0.000 r  clk_p (IN)
                         net (fo=0)                   0.000     0.000    clk_p
    E19                  IBUFDS (Prop_ibufds_I_O)     0.518     0.518 r  sysclk_ibufds/O
                         net (fo=1, routed)           0.981     1.499    clk_ibuf
    BUFGCTRL_X0Y16       BUFG (Prop_bufg_I_O)         0.030     1.529 r  sysclk_bufg/O
                         net (fo=32, routed)          0.908     2.437    clk
    SLICE_X47Y135        FDRE                                         r  count_reg[2]/C
                         clock pessimism             -0.376     2.061    
    SLICE_X47Y135        FDRE (Hold_fdre_C_D)         0.075     2.136    count_reg[2]
  -------------------------------------------------------------------
                         required time                         -2.136    
                         arrival time                           2.333    
  -------------------------------------------------------------------
                         slack                                  0.197    

Slack (MET) :             0.200ns  (arrival time - required time)
  Source:                 count_reg[1]/C
                            (rising edge-triggered cell FDRE clocked by sysclk  {rise@0.000ns fall@2.500ns period=5.000ns})
  Destination:            count_reg[3]/D
                            (rising edge-triggered cell FDRE clocked by sysclk  {rise@0.000ns fall@2.500ns period=5.000ns})
  Path Group:             sysclk
  Path Type:              Hold (Min at Fast Process Corner)
  Requirement:            0.000ns  (sysclk rise@0.000ns - sysclk rise@0.000ns)
  Data Path Delay:        0.272ns  (logic 0.128ns (47.115%)  route 0.144ns (52.885%))
  Logic Levels:           1  (LUT4=1)
  Clock Path Skew:        0.012ns (DCD - SCD - CPR)
    Destination Clock Delay (DCD):    2.436ns
    Source Clock Delay      (SCD):    2.061ns
    Clock Pessimism Removal (CPR):    0.363ns

    Location             Delay type                Incr(ns)  Path(ns)    Netlist Resource(s)
  -------------------------------------------------------------------    -------------------
                         (clock sysclk rise edge)     0.000     0.000 r  
    E19                                               0.000     0.000 r  clk_p (IN)
                         net (fo=0)                   0.000     0.000    clk_p
    E19                  IBUFDS (Prop_ibufds_I_O)     0.436     0.436 r  sysclk_ibufds/O
                         net (fo=1, routed)           0.912     1.348    clk_ibuf
    BUFGCTRL_X0Y16       BUFG (Prop_bufg_I_O)         0.026     1.374 r  sysclk_bufg/O
                         net (fo=32, routed)          0.687     2.061    clk
    SLICE_X47Y135        FDRE                                         r  count_reg[1]/C
  -------------------------------------------------------------------    -------------------
    SLICE_X47Y135        FDRE (Prop_fdre_C_Q)         0.100     2.161 r  count_reg[1]/Q
                         net (fo=7, routed)           0.144     2.305    led_OBUF[1]
    SLICE_X47Y134        LUT4 (Prop_lut4_I0_O)        0.028     2.333 r  count[3]_i_1/O
                         net (fo=1, routed)           0.000     2.333    p_0_in[3]
    SLICE_X47Y134        FDRE                                         r  count_reg[3]/D
  -------------------------------------------------------------------    -------------------

                         (clock sysclk rise edge)     0.000     0.000 r  
    E19                                               0.000     0.000 r  clk_p (IN)
                         net (fo=0)                   0.000     0.000    clk_p
    E19                  IBUFDS (Prop_ibufds_I_O)     0.518     0.518 r  sysclk_ibufds/O
                         net (fo=1, routed)           0.981     1.499    clk_ibuf
    BUFGCTRL_X0Y16       BUFG (Prop_bufg_I_O)         0.030     1.529 r  sysclk_bufg/O
                         net (fo=32, routed)          0.907     2.436    clk
    SLICE_X47Y134        FDRE                                         r  count_reg[3]/C
                         clock pessimism             -0.363     2.073    
    SLICE_X47Y134        FDRE (Hold_fdre_C_D)         0.060     2.133    count_reg[3]
  -------------------------------------------------------------------
                         required time                         -2.133    
                         arrival time                           2.333    
  -------------------------------------------------------------------
                         slack                                  0.200    





Pulse Width Checks
--------------------------------------------------------------------------------------
Clock Name:         sysclk
Waveform(ns):       { 0.000 2.500 }
Period(ns):         5.000
Sources:            { clk_p }

Check Type        Corner  Lib Pin  Reference Pin  Required(ns)  Actual(ns)  Slack(ns)  Location        Pin
Min Period        n/a     BUFG/I   n/a            1.409         5.000       3.592      BUFGCTRL_X0Y16  sysclk_bufg/I
Min Period        n/a     FDRE/C   n/a            0.750         5.000       4.250      SLICE_X47Y135   count_reg[2]/C
Min Period        n/a     FDRE/C   n/a            0.750         5.000       4.250      SLICE_X47Y134   count_reg[4]/C
Min Period        n/a     FDRE/C   n/a            0.750         5.000       4.250      SLICE_X47Y133   count_reg[7]/C
Min Period        n/a     FDRE/C   n/a            0.700         5.000       4.300      SLICE_X47Y135   count_reg[0]/C
Low Pulse Width   Fast    FDRE/C   n/a            0.400         2.500       2.100      SLICE_X47Y133   count_reg[7]/C
Low Pulse Width   Fast    FDRE/C   n/a            0.400         2.500       2.100      SLICE_X47Y135   count_reg[2]/C
Low Pulse Width   Slow    FDRE/C   n/a            0.400         2.500       2.100      SLICE_X47Y135   count_reg[2]/C
Low Pulse Width   Fast    FDRE/C   n/a            0.400         2.500       2.100      SLICE_X47Y134   count_reg[4]/C
Low Pulse Width   Slow    FDRE/C   n/a            0.400         2.500       2.100      SLICE_X47Y134   count_reg[4]/C
High Pulse Width  Slow    FDRE/C   n/a            0.350         2.500       2.150      SLICE_X47Y134   count_reg[3]/C
High Pulse Width  Slow    FDRE/C   n/a            0.350         2.500       2.150      SLICE_X47Y134   count_reg[4]/C
High Pulse Width  Slow    FDRE/C   n/a            0.350         2.500       2.150      SLICE_X47Y134   count_reg[5]/C
High Pulse Width  Slow    FDRE/C   n/a            0.350         2.500       2.150      SLICE_X47Y133   count_reg[6]/C
High Pulse Width  Slow    FDRE/C   n/a            0.350         2.500       2.150      SLICE_X47Y133   count_reg[7]/C



